Component: ARM Compiler 5.06 update 4 (build 422) Tool: armlink [4d35d2]

==============================================================================

Section Cross References

    system_stm32f10x.o(.text) refers to system_stm32f10x.o(.data) for SystemCoreClock
    startup_stm32f10x_md.o(RESET) refers to startup_stm32f10x_md.o(STACK) for __initial_sp
    startup_stm32f10x_md.o(RESET) refers to startup_stm32f10x_md.o(.text) for Reset_Handler
    startup_stm32f10x_md.o(RESET) refers to stm32f10x_it.o(.text) for NMI_Handler
    startup_stm32f10x_md.o(RESET) refers to port.o(.emb_text) for vPortSVCHandler
    startup_stm32f10x_md.o(RESET) refers to port.o(.text) for xPortSysTickHandler
    startup_stm32f10x_md.o(.text) refers to system_stm32f10x.o(.text) for SystemInit
    startup_stm32f10x_md.o(.text) refers to entry.o(.ARM.Collect$$$$00000000) for __main
    stm32f10x_adc.o(.text) refers to stm32f10x_rcc.o(.text) for RCC_APB2PeriphResetCmd
    stm32f10x_bkp.o(.text) refers to stm32f10x_rcc.o(.text) for RCC_BackupResetCmd
    stm32f10x_can.o(.text) refers to stm32f10x_rcc.o(.text) for RCC_APB1PeriphResetCmd
    stm32f10x_cec.o(.text) refers to stm32f10x_rcc.o(.text) for RCC_APB1PeriphResetCmd
    stm32f10x_dac.o(.text) refers to stm32f10x_rcc.o(.text) for RCC_APB1PeriphResetCmd
    stm32f10x_gpio.o(.text) refers to stm32f10x_rcc.o(.text) for RCC_APB2PeriphResetCmd
    stm32f10x_i2c.o(.text) refers to stm32f10x_rcc.o(.text) for RCC_APB1PeriphResetCmd
    stm32f10x_pwr.o(.text) refers to stm32f10x_rcc.o(.text) for RCC_APB1PeriphResetCmd
    stm32f10x_rcc.o(.text) refers to stm32f10x_rcc.o(.data) for APBAHBPrescTable
    stm32f10x_spi.o(.text) refers to stm32f10x_rcc.o(.text) for RCC_APB2PeriphResetCmd
    stm32f10x_tim.o(.text) refers to stm32f10x_rcc.o(.text) for RCC_APB2PeriphResetCmd
    stm32f10x_usart.o(.text) refers to stm32f10x_rcc.o(.text) for RCC_APB2PeriphResetCmd
    stm32f10x_wwdg.o(.text) refers to stm32f10x_rcc.o(.text) for RCC_APB1PeriphResetCmd
    queue.o(.text) refers to port.o(.text) for vPortEnterCritical
    queue.o(.text) refers to tasks.o(.text) for xTaskRemoveFromEventList
    queue.o(.text) refers to list.o(.text) for vListInitialise
    queue.o(.text) refers to heap_4.o(.text) for pvPortMalloc
    queue.o(.text) refers to memcpya.o(.text) for __aeabi_memcpy
    tasks.o(.text) refers to list.o(.text) for vListInitialise
    tasks.o(.text) refers to port.o(.text) for vPortEnterCritical
    tasks.o(.text) refers to heap_4.o(.text) for pvPortMalloc
    tasks.o(.text) refers to tasks.o(.bss) for pxReadyTasksLists
    tasks.o(.text) refers to tasks.o(.data) for pxDelayedTaskList
    tasks.o(.text) refers to timers.o(.text) for xTimerCreateTimerTask
    port.o(.emb_text) refers to tasks.o(.text) for vTaskSwitchContext
    port.o(.emb_text) refers to tasks.o(.data) for pxCurrentTCB
    port.o(.text) refers to port.o(.emb_text) for __asm___6_port_c_39a90d8d__prvStartFirstTask
    port.o(.text) refers to tasks.o(.text) for xTaskIncrementTick
    port.o(.text) refers to port.o(.data) for uxCriticalNesting
    heap_4.o(.text) refers to tasks.o(.text) for vTaskSuspendAll
    heap_4.o(.text) refers to port.o(.text) for vPortEnterCritical
    heap_4.o(.text) refers to heap_4.o(.data) for xStart
    heap_4.o(.text) refers to heap_4.o(.bss) for ucHeap
    event_groups.o(.text) refers to heap_4.o(.text) for pvPortMalloc
    event_groups.o(.text) refers to list.o(.text) for vListInitialise
    event_groups.o(.text) refers to tasks.o(.text) for vTaskSuspendAll
    event_groups.o(.text) refers to port.o(.text) for vPortEnterCritical
    timers.o(.text) refers to list.o(.text) for vListInsert
    timers.o(.text) refers to tasks.o(.text) for xTaskGetTickCount
    timers.o(.text) refers to heap_4.o(.text) for vPortFree
    timers.o(.text) refers to queue.o(.text) for xQueueReceive
    timers.o(.text) refers to port.o(.text) for vPortEnterCritical
    timers.o(.text) refers to timers.o(.data) for pxOverflowTimerList
    timers.o(.text) refers to timers.o(.bss) for xActiveTimerList1
    bsp_usart.o(.text) refers to stm32f10x_rcc.o(.text) for RCC_APB2PeriphClockCmd
    bsp_usart.o(.text) refers to stm32f10x_gpio.o(.text) for GPIO_Init
    bsp_usart.o(.text) refers to stm32f10x_usart.o(.text) for USART_ITConfig
    codingswitch_scan.o(.text) refers to printf5.o(i.__0printf$5) for __2printf
    codingswitch_scan.o(.text) refers to queue.o(.text) for xQueueGenericSend
    codingswitch_scan.o(.text) refers to stm32f10x_gpio.o(.text) for GPIO_ReadInputDataBit
    codingswitch_scan.o(.text) refers to bsp_key.o(.data) for flag1
    codingswitch_scan.o(.text) refers to main.o(.data) for Led_BinarySem_Handle
    codingswitch_scan.o(.text) refers to codingswitch_scan.o(.data) for xReturn
    bsp_key.o(.text) refers to stm32f10x_gpio.o(.text) for GPIO_ReadInputDataBit
    bsp_key.o(.text) refers to printf5.o(i.__0printf$5) for __2printf
    bsp_key.o(.text) refers to queue.o(.text) for xQueueGenericSend
[...]
    printf0.o(i.__0vsnprintf$0) refers to printf0.o(i._snputc) for _snputc
    printf0.o(i.__0vsprintf$0) refers to printf0.o(i._printf_core) for _printf_core
    printf0.o(i.__0vsprintf$0) refers to printf0.o(i._sputc) for _sputc
    printf1.o(i.__0fprintf$1) refers to printf1.o(i._printf_core) for _printf_core
    printf1.o(i.__0fprintf$1) refers to bsp_usart.o(.text) for fputc
    printf1.o(i.__0printf$1) refers to printf1.o(i._printf_core) for _printf_core
    printf1.o(i.__0printf$1) refers to bsp_usart.o(.text) for fputc
    printf1.o(i.__0printf$1) refers to stdout.o(.data) for __stdout
    printf1.o(i.__0snprintf$1) refers to printf1.o(i._printf_core) for _printf_core
    printf1.o(i.__0snprintf$1) refers to printf1.o(i._snputc) for _snputc
    printf1.o(i.__0sprintf$1) refers to printf1.o(i._printf_core) for _printf_core
    printf1.o(i.__0sprintf$1) refers to printf1.o(i._sputc) for _sputc
    printf1.o(i.__0vfprintf$1) refers to printf1.o(i._printf_core) for _printf_core
    printf1.o(i.__0vfprintf$1) refers to bsp_usart.o(.text) for fputc
    printf1.o(i.__0vprintf$1) refers to printf1.o(i._printf_core) for _printf_core
    printf1.o(i.__0vprintf$1) refers to bsp_usart.o(.text) for fputc
    printf1.o(i.__0vprintf$1) refers to stdout.o(.data) for __stdout
    printf1.o(i.__0vsnprintf$1) refers to printf1.o(i._printf_core) for _printf_core
    printf1.o(i.__0vsnprintf$1) refers to printf1.o(i._snputc) for _snputc
    printf1.o(i.__0vsprintf$1) refers to printf1.o(i._printf_core) for _printf_core
    printf1.o(i.__0vsprintf$1) refers to printf1.o(i._sputc) for _sputc
    printf1.o(i._printf_core) refers to uidiv.o(.text) for __aeabi_uidivmod
    printf2.o(i.__0fprintf$2) refers to printf2.o(i._printf_core) for _printf_core
    printf2.o(i.__0fprintf$2) refers to bsp_usart.o(.text) for fputc
    printf2.o(i.__0printf$2) refers to printf2.o(i._printf_core) for _printf_core
    printf2.o(i.__0printf$2) refers to bsp_usart.o(.text) for fputc
    printf2.o(i.__0printf$2) refers to stdout.o(.data) for __stdout
    printf2.o(i.__0snprintf$2) refers to printf2.o(i._printf_core) for _printf_core
    printf2.o(i.__0snprintf$2) refers to printf2.o(i._snputc) for _snputc
    printf2.o(i.__0sprintf$2) refers to printf2.o(i._printf_core) for _printf_core
    printf2.o(i.__0sprintf$2) refers to printf2.o(i._sputc) for _sputc
    printf2.o(i.__0vfprintf$2) refers to printf2.o(i._printf_core) for _printf_core
    printf2.o(i.__0vfprintf$2) refers to bsp_usart.o(.text) for fputc
    printf2.o(i.__0vprintf$2) refers to printf2.o(i._printf_core) for _printf_core
    printf2.o(i.__0vprintf$2) refers to bsp_usart.o(.text) for fputc
    printf2.o(i.__0vprintf$2) refers to stdout.o(.data) for __stdout
    printf2.o(i.__0vsnprintf$2) refers to printf2.o(i._printf_core) for _printf_core
    printf2.o(i.__0vsnprintf$2) refers to printf2.o(i._snputc) for _snputc
    printf2.o(i.__0vsprintf$2) refers to printf2.o(i._printf_core) for _printf_core
    printf2.o(i.__0vsprintf$2) refers to printf2.o(i._sputc) for _sputc
    printf3.o(i.__0fprintf$3) refers to printf3.o(i._printf_core) for _printf_core
    printf3.o(i.__0fprintf$3) refers to bsp_usart.o(.text) for fputc
    printf3.o(i.__0printf$3) refers to printf3.o(i._printf_core) for _printf_core
    printf3.o(i.__0printf$3) refers to bsp_usart.o(.text) for fputc
    printf3.o(i.__0printf$3) refers to stdout.o(.data) for __stdout
    printf3.o(i.__0snprintf$3) refers to printf3.o(i._printf_core) for _printf_core
    printf3.o(i.__0snprintf$3) refers to printf3.o(i._snputc) for _snputc
    printf3.o(i.__0sprintf$3) refers to printf3.o(i._printf_core) for _printf_core
    printf3.o(i.__0sprintf$3) refers to printf3.o(i._sputc) for _sputc
    printf3.o(i.__0vfprintf$3) refers to printf3.o(i._printf_core) for _printf_core
    printf3.o(i.__0vfprintf$3) refers to bsp_usart.o(.text) for fputc
    printf3.o(i.__0vprintf$3) refers to printf3.o(i._printf_core) for _printf_core
    printf3.o(i.__0vprintf$3) refers to bsp_usart.o(.text) for fputc
    printf3.o(i.__0vprintf$3) refers to stdout.o(.data) for __stdout
    printf3.o(i.__0vsnprintf$3) refers to printf3.o(i._printf_core) for _printf_core
    printf3.o(i.__0vsnprintf$3) refers to printf3.o(i._snputc) for _snputc
    printf3.o(i.__0vsprintf$3) refers to printf3.o(i._printf_core) for _printf_core
    printf3.o(i.__0vsprintf$3) refers to printf3.o(i._sputc) for _sputc
    printf3.o(i._printf_core) refers to uidiv.o(.text) for __aeabi_uidivmod
    printf4.o(i.__0fprintf$4) refers to printf4.o(i._printf_core) for _printf_core
    printf4.o(i.__0fprintf$4) refers to bsp_usart.o(.text) for fputc
    printf4.o(i.__0printf$4) refers to printf4.o(i._printf_core) for _printf_core
    printf4.o(i.__0printf$4) refers to bsp_usart.o(.text) for fputc
    printf4.o(i.__0printf$4) refers to stdout.o(.data) for __stdout
    printf4.o(i.__0snprintf$4) refers to printf4.o(i._printf_core) for _printf_core
    printf4.o(i.__0snprintf$4) refers to printf4.o(i._snputc) for _snputc
    printf4.o(i.__0sprintf$4) refers to printf4.o(i._printf_core) for _printf_core
    printf4.o(i.__0sprintf$4) refers to printf4.o(i._sputc) for _sputc
    printf4.o(i.__0vfprintf$4) refers to printf4.o(i._printf_core) for _printf_core
    printf4.o(i.__0vfprintf$4) refers to bsp_usart.o(.text) for fputc
    printf4.o(i.__0vprintf$4) refers to printf4.o(i._printf_core) for _printf_core
    printf4.o(i.__0vprintf$4) refers to bsp_usart.o(.text) for fputc
    printf4.o(i.__0vprintf$4) refers to stdout.o(.data) for __stdout
    printf4.o(i.__0vsnprintf$4) refers to printf4.o(i._printf_core) for _printf_core
    printf4.o(i.__0vsnprintf$4) refers to printf4.o(i._snputc) for _snputc
    printf4.o(i.__0vsprintf$4) refers to printf4.o(i._printf_core) for _printf_core
    printf4.o(i.__0vsprintf$4) refers to printf4.o(i._sputc) for _sputc
    printf4.o(i._printf_core) refers to uldiv.o(.text) for __aeabi_uldivmod
    printf5.o(i.__0fprintf$5) refers to printf5.o(i._printf_core) for _printf_core
    printf5.o(i.__0fprintf$5) refers to bsp_usart.o(.text) for fputc
    printf5.o(i.__0printf$5) refers to printf5.o(i._printf_core) for _printf_core
    printf5.o(i.__0printf$5) refers to bsp_usart.o(.text) for fputc
    printf5.o(i.__0printf$5) refers to stdout.o(.data) for __stdout
    printf5.o(i.__0snprintf$5) refers to printf5.o(i._printf_core) for _printf_core
    printf5.o(i.__0snprintf$5) refers to printf5.o(i._snputc) for _snputc
    printf5.o(i.__0sprintf$5) refers to printf5.o(i._printf_core) for _printf_core
    printf5.o(i.__0sprintf$5) refers to printf5.o(i._sputc) for _sputc
    printf5.o(i.__0vfprintf$5) refers to printf5.o(i._printf_core) for _printf_core
    printf5.o(i.__0vfprintf$5) refers to bsp_usart.o(.text) for fputc
    printf5.o(i.__0vprintf$5) refers to printf5.o(i._printf_core) for _printf_core
    printf5.o(i.__0vprintf$5) refers to bsp_usart.o(.text) for fputc
    printf5.o(i.__0vprintf$5) refers to stdout.o(.data) for __stdout
    printf5.o(i.__0vsnprintf$5) refers to printf5.o(i._printf_core) for _printf_core
    printf5.o(i.__0vsnprintf$5) refers to printf5.o(i._snputc) for _snputc
    printf5.o(i.__0vsprintf$5) refers to printf5.o(i._printf_core) for _printf_core
    printf5.o(i.__0vsprintf$5) refers to printf5.o(i._sputc) for _sputc
    printf5.o(i._printf_core) refers to uldiv.o(.text) for __aeabi_uldivmod
    printf6.o(i.__0fprintf$6) refers to printf6.o(i._printf_core) for _printf_core
    printf6.o(i.__0fprintf$6) refers to bsp_usart.o(.text) for fputc
    printf6.o(i.__0printf$6) refers to printf6.o(i._printf_core) for _printf_core
    printf6.o(i.__0printf$6) refers to bsp_usart.o(.text) for fputc
    printf6.o(i.__0printf$6) refers to stdout.o(.data) for __stdout
    printf6.o(i.__0snprintf$6) refers to printf6.o(i._printf_core) for _printf_core
    printf6.o(i.__0snprintf$6) refers to printf6.o(i._snputc) for _snputc
    printf6.o(i.__0sprintf$6) refers to printf6.o(i._printf_core) for _printf_core
    printf6.o(i.__0sprintf$6) refers to printf6.o(i._sputc) for _sputc
    printf6.o(i.__0vfprintf$6) refers to printf6.o(i._printf_core) for _printf_core
    printf6.o(i.__0vfprintf$6) refers to bsp_usart.o(.text) for fputc
    printf6.o(i.__0vprintf$6) refers to printf6.o(i._printf_core) for _printf_core
    printf6.o(i.__0vprintf$6) refers to bsp_usart.o(.text) for fputc
    printf6.o(i.__0vprintf$6) refers to stdout.o(.data) for __stdout
    printf6.o(i.__0vsnprintf$6) refers to printf6.o(i._printf_core) for _printf_core
    printf6.o(i.__0vsnprintf$6) refers to printf6.o(i._snputc) for _snputc
    printf6.o(i.__0vsprintf$6) refers to printf6.o(i._printf_core) for _printf_core
    printf6.o(i.__0vsprintf$6) refers to printf6.o(i._sputc) for _sputc
    printf6.o(i._printf_core) refers to printf6.o(i._printf_pre_padding) for _printf_pre_padding
    printf6.o(i._printf_core) refers to uidiv.o(.text) for __aeabi_uidivmod
    printf6.o(i._printf_core) refers to printf6.o(i._printf_post_padding) for _printf_post_padding
    printf7.o(i.__0fprintf$7) refers to printf7.o(i._printf_core) for _printf_core
    printf7.o(i.__0fprintf$7) refers to bsp_usart.o(.text) for fputc
    printf7.o(i.__0printf$7) refers to printf7.o(i._printf_core) for _printf_core
    printf7.o(i.__0printf$7) refers to bsp_usart.o(.text) for fputc
    printf7.o(i.__0printf$7) refers to stdout.o(.data) for __stdout
    printf7.o(i.__0snprintf$7) refers to printf7.o(i._printf_core) for _printf_core
    printf7.o(i.__0snprintf$7) refers to printf7.o(i._snputc) for _snputc
    printf7.o(i.__0sprintf$7) refers to printf7.o(i._printf_core) for _printf_core
    printf7.o(i.__0sprintf$7) refers to printf7.o(i._sputc) for _sputc
    printf7.o(i.__0vfprintf$7) refers to printf7.o(i._printf_core) for _printf_core
    printf7.o(i.__0vfprintf$7) refers to bsp_usart.o(.text) for fputc
    printf7.o(i.__0vprintf$7) refers to printf7.o(i._printf_core) for _printf_core
    printf7.o(i.__0vprintf$7) refers to bsp_usart.o(.text) for fputc
    printf7.o(i.__0vprintf$7) refers to stdout.o(.data) for __stdout
    printf7.o(i.__0vsnprintf$7) refers to printf7.o(i._printf_core) for _printf_core
    printf7.o(i.__0vsnprintf$7) refers to printf7.o(i._snputc) for _snputc
    printf7.o(i.__0vsprintf$7) refers to printf7.o(i._printf_core) for _printf_core
    printf7.o(i.__0vsprintf$7) refers to printf7.o(i._sputc) for _sputc
    printf7.o(i._printf_core) refers to printf7.o(i._printf_pre_padding) for _printf_pre_padding
    printf7.o(i._printf_core) refers to uldiv.o(.text) for __aeabi_uldivmod
    printf7.o(i._printf_core) refers to printf7.o(i._printf_post_padding) for _printf_post_padding
    printf8.o(i.__0fprintf$8) refers to printf8.o(i._printf_core) for _printf_core
    printf8.o(i.__0fprintf$8) refers to bsp_usart.o(.text) for fputc
    printf8.o(i.__0printf$8) refers to printf8.o(i._printf_core) for _printf_core
    printf8.o(i.__0printf$8) refers to bsp_usart.o(.text) for fputc
    printf8.o(i.__0printf$8) refers to stdout.o(.data) for __stdout
    printf8.o(i.__0snprintf$8) refers to printf8.o(i._printf_core) for _printf_core
    printf8.o(i.__0snprintf$8) refers to printf8.o(i._snputc) for _snputc
    printf8.o(i.__0sprintf$8) refers to printf8.o(i._printf_core) for _printf_core
    printf8.o(i.__0sprintf$8) refers to printf8.o(i._sputc) for _sputc
    printf8.o(i.__0vfprintf$8) refers to printf8.o(i._printf_core) for _printf_core
    printf8.o(i.__0vfprintf$8) refers to bsp_usart.o(.text) for fputc
    printf8.o(i.__0vprintf$8) refers to printf8.o(i._printf_core) for _printf_core
    printf8.o(i.__0vprintf$8) refers to bsp_usart.o(.text) for fputc
    printf8.o(i.__0vprintf$8) refers to stdout.o(.data) for __stdout
    printf8.o(i.__0vsnprintf$8) refers to printf8.o(i._printf_core) for _printf_core
    printf8.o(i.__0vsnprintf$8) refers to printf8.o(i._snputc) for _snputc
    printf8.o(i.__0vsprintf$8) refers to printf8.o(i._printf_core) for _printf_core
    printf8.o(i.__0vsprintf$8) refers to printf8.o(i._sputc) for _sputc
    printf8.o(i._printf_core) refers to printf8.o(i._printf_pre_padding) for _printf_pre_padding
    printf8.o(i._printf_core) refers to uldiv.o(.text) for __aeabi_uldivmod
    printf8.o(i._printf_core) refers to printf8.o(i._printf_post_padding) for _printf_post_padding
    printfa.o(i.__0fprintf) refers (Special) to iusefp.o(.text) for __I$use$fp
    printfa.o(i.__0fprintf) refers to printfa.o(i._printf_core) for _printf_core
    printfa.o(i.__0fprintf) refers to bsp_usart.o(.text) for fputc
    printfa.o(i.__0printf) refers (Special) to iusefp.o(.text) for __I$use$fp
    printfa.o(i.__0printf) refers to printfa.o(i._printf_core) for _printf_core
    printfa.o(i.__0printf) refers to bsp_usart.o(.text) for fputc
    printfa.o(i.__0printf) refers to stdout.o(.data) for __stdout
    printfa.o(i.__0snprintf) refers (Special) to iusefp.o(.text) for __I$use$fp
    printfa.o(i.__0snprintf) refers to printfa.o(i._printf_core) for _printf_core
    printfa.o(i.__0snprintf) refers to printfa.o(i._snputc) for _snputc
    printfa.o(i.__0sprintf) refers (Special) to iusefp.o(.text) for __I$use$fp
    printfa.o(i.__0sprintf) refers to printfa.o(i._printf_core) for _printf_core
    printfa.o(i.__0sprintf) refers to printfa.o(i._sputc) for _sputc
    printfa.o(i.__0vfprintf) refers (Special) to iusefp.o(.text) for __I$use$fp
    printfa.o(i.__0vfprintf) refers to printfa.o(i._printf_core) for _printf_core
    printfa.o(i.__0vfprintf) refers to bsp_usart.o(.text) for fputc
    printfa.o(i.__0vprintf) refers (Special) to iusefp.o(.text) for __I$use$fp
    printfa.o(i.__0vprintf) refers to printfa.o(i._printf_core) for _printf_core
    printfa.o(i.__0vprintf) refers to bsp_usart.o(.text) for fputc
    printfa.o(i.__0vprintf) refers to stdout.o(.data) for __stdout
    printfa.o(i.__0vsnprintf) refers (Special) to iusefp.o(.text) for __I$use$fp
    printfa.o(i.__0vsnprintf) refers to printfa.o(i._printf_core) for _printf_core
    printfa.o(i.__0vsnprintf) refers to printfa.o(i._snputc) for _snputc
    printfa.o(i.__0vsprintf) refers (Special) to iusefp.o(.text) for __I$use$fp
    printfa.o(i.__0vsprintf) refers to printfa.o(i._printf_core) for _printf_core
    printfa.o(i.__0vsprintf) refers to printfa.o(i._sputc) for _sputc
    printfa.o(i._fp_digits) refers (Special) to iusefp.o(.text) for __I$use$fp
    printfa.o(i._fp_digits) refers to dmul.o(.text) for __aeabi_dmul
    printfa.o(i._fp_digits) refers to ddiv.o(.text) for __aeabi_ddiv
    printfa.o(i._fp_digits) refers to cdrcmple.o(.text) for __aeabi_cdrcmple
    printfa.o(i._fp_digits) refers to dadd.o(.text) for __aeabi_dadd
    printfa.o(i._fp_digits) refers to dfixul.o(.text) for __aeabi_d2ulz
    printfa.o(i._fp_digits) refers to uldiv.o(.text) for __aeabi_uldivmod
    printfa.o(i._printf_core) refers (Special) to iusefp.o(.text) for __I$use$fp
    printfa.o(i._printf_core) refers to printfa.o(i._printf_pre_padding) for _printf_pre_padding
    printfa.o(i._printf_core) refers to uldiv.o(.text) for __aeabi_uldivmod
    printfa.o(i._printf_core) refers to printfa.o(i._printf_post_padding) for _printf_post_padding
    printfa.o(i._printf_core) refers to printfa.o(i._fp_digits) for _fp_digits
    printfa.o(i._printf_core) refers to uidiv.o(.text) for __aeabi_uidivmod
    printfa.o(i._printf_post_padding) refers (Special) to iusefp.o(.text) for __I$use$fp
    printfa.o(i._printf_pre_padding) refers (Special) to iusefp.o(.text) for __I$use$fp
    printfa.o(i._snputc) refers (Special) to iusefp.o(.text) for __I$use$fp
    printfa.o(i._sputc) refers (Special) to iusefp.o(.text) for __I$use$fp
    entry2.o(.ARM.Collect$$$$00000001) refers to entry2.o(.ARM.Collect$$$$00002712) for __lit__00000000
    entry2.o(.ARM.Collect$$$$00002712) refers to startup_stm32f10x_md.o(STACK) for __initial_sp
    entry2.o(__vectab_stack_and_reset_area) refers to startup_stm32f10x_md.o(STACK) for __initial_sp
    entry2.o(__vectab_stack_and_reset_area) refers to entry.o(.ARM.Collect$$$$00000000) for __main
    entry5.o(.ARM.Collect$$$$00000004) refers to init.o(.text) for __scatterload
    entry9a.o(.ARM.Collect$$$$0000000B) refers to main.o(.text) for main
    entry9b.o(.ARM.Collect$$$$0000000C) refers to main.o(.text) for main
    uldiv.o(.text) refers to llushr.o(.text) for __aeabi_llsr
    uldiv.o(.text) refers to llshl.o(.text) for __aeabi_llsl
    dadd.o(.text) refers to llshl.o(.text) for __aeabi_llsl
    dadd.o(.text) refers to llsshr.o(.text) for __aeabi_lasr
    dadd.o(.text) refers to depilogue.o(.text) for _double_epilogue
    dmul.o(.text) refers to depilogue.o(.text) for _double_epilogue
    ddiv.o(.text) refers to depilogue.o(.text) for _double_round
    dfixul.o(.text) refers to llushr.o(.text) for __aeabi_llsr
    dfixul.o(.text) refers to llshl.o(.text) for __aeabi_llsl
    init.o(.text) refers to entry5.o(.ARM.Collect$$$$00000004) for __main_after_scatterload
    depilogue.o(.text) refers to llshl.o(.text) for __aeabi_llsl
    depilogue.o(.text) refers to llushr.o(.text) for __aeabi_llsr


==============================================================================

Removing Unused input sections from the image.

    Removing core_cm3.o(.emb_text), (32 bytes).
    Removing startup_stm32f10x_md.o(HEAP), (512 bytes).
    Removing stm32f10x_adc.o(.text), (1102 bytes).
    Removing stm32f10x_bkp.o(.text), (196 bytes).
    Removing stm32f10x_can.o(.text), (2544 bytes).
    Removing stm32f10x_cec.o(.text), (288 bytes).
    Removing stm32f10x_crc.o(.text), (72 bytes).
    Removing stm32f10x_dac.o(.text), (396 bytes).
    Removing stm32f10x_dbgmcu.o(.text), (48 bytes).
    Removing stm32f10x_dma.o(.text), (596 bytes).
    Removing stm32f10x_exti.o(.text), (284 bytes).
    Removing stm32f10x_flash.o(.text), (1468 bytes).
    Removing stm32f10x_fsmc.o(.text), (1548 bytes).
    Removing stm32f10x_iwdg.o(.text), (64 bytes).
    Removing stm32f10x_pwr.o(.text), (204 bytes).
    Removing stm32f10x_rtc.o(.text), (328 bytes).
    Removing stm32f10x_sdio.o(.text), (468 bytes).
    Removing stm32f10x_spi.o(.text), (780 bytes).
    Removing stm32f10x_tim.o(.text), (3610 bytes).
    Removing stm32f10x_wwdg.o(.text), (136 bytes).
    Removing event_groups.o(.text), (716 bytes).
    Removing dadd.o(.text), (334 bytes).
    Removing dmul.o(.text), (228 bytes).
    Removing ddiv.o(.text), (222 bytes).
    Removing dfixul.o(.text), (48 bytes).
    Removing cdrcmple.o(.text), (48 bytes).
    Removing depilogue.o(.text), (186 bytes).

27 unused section(s) (total 16458 bytes) removed from the image.

==============================================================================

Image Symbol Table

    Local Symbols

    Symbol Name                              Value     Ov Type        Size  Object(Section)

    ../clib/microlib/division.c              0x00000000   Number         0  uldiv.o ABSOLUTE
    ../clib/microlib/division.c              0x00000000   Number         0  uidiv.o ABSOLUTE
    ../clib/microlib/init/entry.s            0x00000000   Number         0  entry2.o ABSOLUTE
    ../clib/microlib/init/entry.s            0x00000000   Number         0  entry11a.o ABSOLUTE
    ../clib/microlib/init/entry.s            0x00000000   Number         0  entry11b.o ABSOLUTE
    ../clib/microlib/init/entry.s            0x00000000   Number         0  entry8b.o ABSOLUTE
    ../clib/microlib/init/entry.s            0x00000000   Number         0  entry8a.o ABSOLUTE
    ../clib/microlib/init/entry.s            0x00000000   Number         0  entry7b.o ABSOLUTE
    ../clib/microlib/init/entry.s            0x00000000   Number         0  entry7a.o ABSOLUTE
    ../clib/microlib/init/entry.s            0x00000000   Number         0  entry9a.o ABSOLUTE
    ../clib/microlib/init/entry.s            0x00000000   Number         0  entry5.o ABSOLUTE
    ../clib/microlib/init/entry.s            0x00000000   Number         0  entry.o ABSOLUTE
    ../clib/microlib/init/entry.s            0x00000000   Number         0  entry9b.o ABSOLUTE
    ../clib/microlib/init/entry.s            0x00000000   Number         0  entry10a.o ABSOLUTE
    ../clib/microlib/init/entry.s            0x00000000   Number         0  entry10b.o ABSOLUTE
    ../clib/microlib/longlong.c              0x00000000   Number         0  llshl.o ABSOLUTE
    ../clib/microlib/longlong.c              0x00000000   Number         0  llushr.o ABSOLUTE
    ../clib/microlib/longlong.c              0x00000000   Number         0  llsshr.o ABSOLUTE
    ../clib/microlib/printf/printf.c         0x00000000   Number         0  printf6.o ABSOLUTE
    ../clib/microlib/printf/printf.c         0x00000000   Number         0  printf5.o ABSOLUTE
    ../clib/microlib/printf/printf.c         0x00000000   Number         0  printf0.o ABSOLUTE
    ../clib/microlib/printf/printf.c         0x00000000   Number         0  printf1.o ABSOLUTE
    ../clib/microlib/printf/printf.c         0x00000000   Number         0  printf2.o ABSOLUTE
    ../clib/microlib/printf/printf.c         0x00000000   Number         0  printf3.o ABSOLUTE
    ../clib/microlib/printf/printf.c         0x00000000   Number         0  printf4.o ABSOLUTE
    ../clib/microlib/printf/printf.c         0x00000000   Number         0  printfa.o ABSOLUTE
    ../clib/microlib/printf/printf.c         0x00000000   Number         0  printf7.o ABSOLUTE
    ../clib/microlib/printf/printf.c         0x00000000   Number         0  printf8.o ABSOLUTE
    ../clib/microlib/printf/printf.c         0x00000000   Number         0  printfb.o ABSOLUTE
    ../clib/microlib/printf/stubs.s          0x00000000   Number         0  stubs.o ABSOLUTE
    ../clib/microlib/stdio/streams.c         0x00000000   Number         0  stdout.o ABSOLUTE
    ../clib/microlib/string/memcpy.c         0x00000000   Number         0  memcpya.o ABSOLUTE
    ../clib/microlib/string/memcpy.c         0x00000000   Number         0  memcpyb.o ABSOLUTE
    ../clib/microlib/stubs.s                 0x00000000   Number         0  iusefp.o ABSOLUTE
    ../fplib/microlib/fpadd.c                0x00000000   Number         0  dadd.o ABSOLUTE
    ../fplib/microlib/fpdiv.c                0x00000000   Number         0  ddiv.o ABSOLUTE
    ../fplib/microlib/fpepilogue.c           0x00000000   Number         0  depilogue.o ABSOLUTE
    ../fplib/microlib/fpfix.c                0x00000000   Number         0  dfixul.o ABSOLUTE
    ../fplib/microlib/fpmul.c                0x00000000   Number         0  dmul.o ABSOLUTE
    ..\Basic\Display\bsp_led.c               0x00000000   Number         0  bsp_led.o ABSOLUTE
    ..\Basic\Display\bsp_motor.c             0x00000000   Number         0  bsp_motor.o ABSOLUTE
    ..\Basic\Key_Scan\CodingsWitch_scan.c    0x00000000   Number         0  codingswitch_scan.o ABSOLUTE
    ..\Basic\Key_Scan\bsp_key.c              0x00000000   Number         0  bsp_key.o ABSOLUTE
    ..\Basic\OLED\bsp_oled.c                 0x00000000   Number         0  bsp_oled.o ABSOLUTE
    ..\Basic\OLED\delay.c                    0x00000000   Number         0  delay.o ABSOLUTE
    ..\Basic\usart\bsp_usart.c               0x00000000   Number         0  bsp_usart.o ABSOLUTE
    ..\CMSIS\core_cm3.c                      0x00000000   Number         0  core_cm3.o ABSOLUTE
    ..\CMSIS\startup_stm32f10x_md.s          0x00000000   Number         0  startup_stm32f10x_md.o ABSOLUTE
    ..\CMSIS\system_stm32f10x.c              0x00000000   Number         0  system_stm32f10x.o ABSOLUTE
    ..\FreeRTOS\Source\event_groups.c        0x00000000   Number         0  event_groups.o ABSOLUTE
    ..\FreeRTOS\Source\list.c                0x00000000   Number         0  list.o ABSOLUTE
    ..\FreeRTOS\Source\portable\ARM_CM3\port.c 0x00000000   Number         0  port.o ABSOLUTE
    ..\FreeRTOS\Source\portable\MemMang\heap_4.c 0x00000000   Number         0  heap_4.o ABSOLUTE
    ..\FreeRTOS\Source\queue.c               0x00000000   Number         0  queue.o ABSOLUTE
    ..\FreeRTOS\Source\tasks.c               0x00000000   Number         0  tasks.o ABSOLUTE
    ..\FreeRTOS\Source\timers.c              0x00000000   Number         0  timers.o ABSOLUTE
    ..\STM32F10x_Libs\src\misc.c             0x00000000   Number         0  misc.o ABSOLUTE
    ..\STM32F10x_Libs\src\stm32f10x_adc.c    0x00000000   Number         0  stm32f10x_adc.o ABSOLUTE
    ..\STM32F10x_Libs\src\stm32f10x_bkp.c    0x00000000   Number         0  stm32f10x_bkp.o ABSOLUTE
    ..\STM32F10x_Libs\src\stm32f10x_can.c    0x00000000   Number         0  stm32f10x_can.o ABSOLUTE
    ..\STM32F10x_Libs\src\stm32f10x_cec.c    0x00000000   Number         0  stm32f10x_cec.o ABSOLUTE
    ..\STM32F10x_Libs\src\stm32f10x_crc.c    0x00000000   Number         0  stm32f10x_crc.o ABSOLUTE
    ..\STM32F10x_Libs\src\stm32f10x_dac.c    0x00000000   Number         0  stm32f10x_dac.o ABSOLUTE
    ..\STM32F10x_Libs\src\stm32f10x_dbgmcu.c 0x00000000   Number         0  stm32f10x_dbgmcu.o ABSOLUTE
    ..\STM32F10x_Libs\src\stm32f10x_dma.c    0x00000000   Number         0  stm32f10x_dma.o ABSOLUTE
    ..\STM32F10x_Libs\src\stm32f10x_exti.c   0x00000000   Number         0  stm32f10x_exti.o ABSOLUTE
    ..\STM32F10x_Libs\src\stm32f10x_flash.c  0x00000000   Number         0  stm32f10x_flash.o ABSOLUTE
    ..\STM32F10x_Libs\src\stm32f10x_fsmc.c   0x00000000   Number         0  stm32f10x_fsmc.o ABSOLUTE
    ..\STM32F10x_Libs\src\stm32f10x_gpio.c   0x00000000   Number         0  stm32f10x_gpio.o ABSOLUTE
    ..\STM32F10x_Libs\src\stm32f10x_i2c.c    0x00000000   Number         0  stm32f10x_i2c.o ABSOLUTE
    ..\STM32F10x_Libs\src\stm32f10x_iwdg.c   0x00000000   Number         0  stm32f10x_iwdg.o ABSOLUTE
    ..\STM32F10x_Libs\src\stm32f10x_pwr.c    0x00000000   Number         0  stm32f10x_pwr.o ABSOLUTE
    ..\STM32F10x_Libs\src\stm32f10x_rcc.c    0x00000000   Number         0  stm32f10x_rcc.o ABSOLUTE
    ..\STM32F10x_Libs\src\stm32f10x_rtc.c    0x00000000   Number         0  stm32f10x_rtc.o ABSOLUTE
    ..\STM32F10x_Libs\src\stm32f10x_sdio.c   0x00000000   Number         0  stm32f10x_sdio.o ABSOLUTE
    ..\STM32F10x_Libs\src\stm32f10x_spi.c    0x00000000   Number         0  stm32f10x_spi.o ABSOLUTE
    ..\STM32F10x_Libs\src\stm32f10x_tim.c    0x00000000   Number         0  stm32f10x_tim.o ABSOLUTE
    ..\STM32F10x_Libs\src\stm32f10x_usart.c  0x00000000   Number         0  stm32f10x_usart.o ABSOLUTE
    ..\STM32F10x_Libs\src\stm32f10x_wwdg.c   0x00000000   Number         0  stm32f10x_wwdg.o ABSOLUTE
    ..\User\Stm32_System_Init.c              0x00000000   Number         0  stm32_system_init.o ABSOLUTE
    ..\User\main.c                           0x00000000   Number         0  main.o ABSOLUTE
    ..\User\stm32f10x_it.c                   0x00000000   Number         0  stm32f10x_it.o ABSOLUTE
    ..\\CMSIS\\core_cm3.c                    0x00000000   Number         0  core_cm3.o ABSOLUTE
    ..\\FreeRTOS\\Source\\portable\\ARM_CM3\\port.c 0x00000000   Number         0  port.o ABSOLUTE
    cdrcmple.s                               0x00000000   Number         0  cdrcmple.o ABSOLUTE
    dc.s                                     0x00000000   Number         0  dc.o ABSOLUTE
    handlers.s                               0x00000000   Number         0  handlers.o ABSOLUTE
    init.s                                   0x00000000   Number         0  init.o ABSOLUTE
    RESET                                    0x08000000   Section      236  startup_stm32f10x_md.o(RESET)
    .ARM.Collect$$$$00000000                 0x080000ec   Section        0  entry.o(.ARM.Collect$$$$00000000)
    .ARM.Collect$$$$00000001                 0x080000ec   Section        4  entry2.o(.ARM.Collect$$$$00000001)
    .ARM.Collect$$$$00000004                 0x080000f0   Section        4  entry5.o(.ARM.Collect$$$$00000004)
    .ARM.Collect$$$$00000008                 0x080000f4   Section        0  entry7b.o(.ARM.Collect$$$$00000008)
    .ARM.Collect$$$$0000000A                 0x080000f4   Section        0  entry8b.o(.ARM.Collect$$$$0000000A)
    .ARM.Collect$$$$0000000B                 0x080000f4   Section        8  entry9a.o(.ARM.Collect$$$$0000000B)
    .ARM.Collect$$$$0000000D                 0x080000fc   Section        0  entry10a.o(.ARM.Collect$$$$0000000D)
    .ARM.Collect$$$$0000000F                 0x080000fc   Section        0  entry11a.o(.ARM.Collect$$$$0000000F)
    .ARM.Collect$$$$00002712                 0x080000fc   Section        4  entry2.o(.ARM.Collect$$$$00002712)
    __lit__00000000                          0x080000fc   Data           4  entry2.o(.ARM.Collect$$$$00002712)
    .emb_text                                0x08000100   Section      150  port.o(.emb_text)
    .text                                    0x08000198   Section        0  system_stm32f10x.o(.text)
    SetSysClockTo72                          0x08000199   Thumb Code   214  system_stm32f10x.o(.text)
    SetSysClock                              0x0800026f   Thumb Code     8  system_stm32f10x.o(.text)
    .text                                    0x08000378   Section       36  startup_stm32f10x_md.o(.text)
    .text                                    0x0800039c   Section        0  misc.o(.text)
    .text                                    0x08000478   Section        0  stm32f10x_gpio.o(.text)
    .text                                    0x080007d4   Section        0  stm32f10x_i2c.o(.text)
    .text                                    0x08000bd8   Section        0  stm32f10x_rcc.o(.text)
    .text                                    0x08000f7c   Section        0  stm32f10x_usart.o(.text)
    .text                                    0x08001384   Section        0  list.o(.text)
    .text                                    0x08001418   Section        0  queue.o(.text)
    prvInitialiseNewQueue                    0x08001493   Thumb Code    38  queue.o(.text)
    prvUnlockQueue                           0x08001507   Thumb Code   126  queue.o(.text)
    prvIsQueueFull                           0x08001585   Thumb Code    30  queue.o(.text)
    prvCopyDataToQueue                       0x080015a3   Thumb Code   106  queue.o(.text)
    prvIsQueueEmpty                          0x08001823   Thumb Code    26  queue.o(.text)
    prvCopyDataFromQueue                     0x0800183d   Thumb Code    48  queue.o(.text)
    .text                                    0x08001ce0   Section        0  tasks.o(.text)
    prvInitialiseTaskLists                   0x08001ce1   Thumb Code    70  tasks.o(.text)
    prvAddNewTaskToReadyList                 0x08001d27   Thumb Code   150  tasks.o(.text)
    prvInitialiseNewTask                     0x08001dbd   Thumb Code   138  tasks.o(.text)
    prvResetNextTaskUnblockTime              0x08001ea7   Thumb Code    42  tasks.o(.text)
    prvDeleteTCB                             0x08001ed1   Thumb Code    18  tasks.o(.text)
    prvAddCurrentTaskToDelayedList           0x08002191   Thumb Code   124  tasks.o(.text)
    prvTaskIsTaskSuspended                   0x080024d5   Thumb Code    56  tasks.o(.text)
    prvCheckTasksWaitingTermination          0x0800263b   Thumb Code    60  tasks.o(.text)
    prvIdleTask                              0x08002677   Thumb Code    32  tasks.o(.text)
    .text                                    0x08002d24   Section        0  port.o(.text)
    prvTaskExitError                         0x08002d25   Thumb Code    22  port.o(.text)
    .text                                    0x08002e14   Section        0  heap_4.o(.text)
    prvInsertBlockIntoFreeList               0x08002e15   Thumb Code    96  heap_4.o(.text)
    prvHeapInit                              0x08002e75   Thumb Code    98  heap_4.o(.text)
    .text                                    0x0800307c   Section        0  timers.o(.text)
    prvInsertTimerInActiveList               0x0800307d   Thumb Code    80  timers.o(.text)
    prvReloadTimer                           0x080030cd   Thumb Code    40  timers.o(.text)
    prvProcessExpiredTimer                   0x080030f5   Thumb Code    62  timers.o(.text)
    prvSwitchTimerLists                      0x08003133   Thumb Code    58  timers.o(.text)
    prvSampleTimeNow                         0x0800316d   Thumb Code    40  timers.o(.text)
    prvProcessReceivedCommands               0x08003195   Thumb Code   244  timers.o(.text)
    prvProcessTimerOrBlockTask               0x08003289   Thumb Code   102  timers.o(.text)
    prvGetNextExpireTime                     0x080032ef   Thumb Code    36  timers.o(.text)
    prvTimerTask                             0x08003313   Thumb Code    26  timers.o(.text)
    prvCheckForValidListAndQueue             0x0800332d   Thumb Code    56  timers.o(.text)
    prvInitialiseNewTimer                    0x0800338d   Thumb Code    56  timers.o(.text)
    .text                                    0x08003548   Section        0  bsp_usart.o(.text)
    .text                                    0x08003648   Section        0  codingswitch_scan.o(.text)
    .text                                    0x0800392c   Section        0  bsp_key.o(.text)
    .text                                    0x08003c54   Section        0  bsp_led.o(.text)
    .text                                    0x08003eb0   Section        0  bsp_motor.o(.text)
    .text                                    0x08003eb4   Section        0  delay.o(.text)
    .text                                    0x08003fa0   Section        0  bsp_oled.o(.text)
    .text                                    0x08004514   Section        0  main.o(.text)
    OLED_Task                                0x08004515   Thumb Code     8  main.o(.text)
    CODER_Task                               0x0800451d   Thumb Code    34  main.o(.text)
    KEY_Task                                 0x0800453f   Thumb Code    14  main.o(.text)
    LED_Task                                 0x0800454d   Thumb Code    10  main.o(.text)
    MOTOR_Task                               0x08004557   Thumb Code     8  main.o(.text)
    AppTaskCreate                            0x0800455f   Thumb Code   270  main.o(.text)
    .text                                    0x0800486c   Section        0  stm32_system_init.o(.text)
    .text                                    0x08004934   Section        0  stm32f10x_it.o(.text)
    .text                                    0x08004950   Section        0  memcpya.o(.text)
    .text                                    0x08004974   Section        0  uldiv.o(.text)
    .text                                    0x080049d8   Section       36  init.o(.text)
    .text                                    0x080049fc   Section        0  llshl.o(.text)
    .text                                    0x08004a1a   Section        0  llushr.o(.text)
    i.__0printf$5                            0x08004a3c   Section        0  printf5.o(i.__0printf$5)
    i.__scatterload_copy                     0x08004a5c   Section       14  handlers.o(i.__scatterload_copy)
    i.__scatterload_null                     0x08004a6a   Section        2  handlers.o(i.__scatterload_null)
    i.__scatterload_zeroinit                 0x08004a6c   Section       14  handlers.o(i.__scatterload_zeroinit)
    i._printf_core                           0x08004a7c   Section        0  printf5.o(i._printf_core)
    _printf_core                             0x08004a7d   Thumb Code   658  printf5.o(i._printf_core)
    .constdata                               0x08004d3c   Section     5688  bsp_oled.o(.constdata)
    .data                                    0x20000000   Section       20  system_stm32f10x.o(.data)
    .data                                    0x20000014   Section       20  stm32f10x_rcc.o(.data)
    APBAHBPrescTable                         0x20000014   Data          16  stm32f10x_rcc.o(.data)
    ADCPrescTable                            0x20000024   Data           4  stm32f10x_rcc.o(.data)
    .data                                    0x20000028   Section       60  tasks.o(.data)
    pxDelayedTaskList                        0x2000002c   Data           4  tasks.o(.data)
    pxOverflowDelayedTaskList                0x20000030   Data           4  tasks.o(.data)
    uxDeletedTasksWaitingCleanUp             0x20000034   Data           4  tasks.o(.data)
    uxCurrentNumberOfTasks                   0x20000038   Data           4  tasks.o(.data)
    xTickCount                               0x2000003c   Data           4  tasks.o(.data)
    uxTopReadyPriority                       0x20000040   Data           4  tasks.o(.data)
    xSchedulerRunning                        0x20000044   Data           4  tasks.o(.data)
    xPendedTicks                             0x20000048   Data           4  tasks.o(.data)
    xYieldPending                            0x2000004c   Data           4  tasks.o(.data)
    xNumOfOverflows                          0x20000050   Data           4  tasks.o(.data)
    uxTaskNumber                             0x20000054   Data           4  tasks.o(.data)
    xNextTaskUnblockTime                     0x20000058   Data           4  tasks.o(.data)
    xIdleTaskHandle                          0x2000005c   Data           4  tasks.o(.data)
    uxSchedulerSuspended                     0x20000060   Data           4  tasks.o(.data)
    .data                                    0x20000064   Section        4  port.o(.data)
    uxCriticalNesting                        0x20000064   Data           4  port.o(.data)
    .data                                    0x20000068   Section       32  heap_4.o(.data)
    xStart                                   0x20000068   Data           8  heap_4.o(.data)
    pxEnd                                    0x20000070   Data           4  heap_4.o(.data)
    xFreeBytesRemaining                      0x20000074   Data           4  heap_4.o(.data)
    xMinimumEverFreeBytesRemaining           0x20000078   Data           4  heap_4.o(.data)
    xNumberOfSuccessfulAllocations           0x2000007c   Data           4  heap_4.o(.data)
    xNumberOfSuccessfulFrees                 0x20000080   Data           4  heap_4.o(.data)
    xBlockAllocatedBit                       0x20000084   Data           4  heap_4.o(.data)
    .data                                    0x20000088   Section       20  timers.o(.data)
    pxCurrentTimerList                       0x20000088   Data           4  timers.o(.data)
    pxOverflowTimerList                      0x2000008c   Data           4  timers.o(.data)
    xTimerQueue                              0x20000090   Data           4  timers.o(.data)
    xTimerTaskHandle                         0x20000094   Data           4  timers.o(.data)
    xLastTime                                0x20000098   Data           4  timers.o(.data)
    .data                                    0x2000009c   Section        8  codingswitch_scan.o(.data)
    .data                                    0x200000a4   Section        9  bsp_key.o(.data)
    .data                                    0x200000ad   Section        1  bsp_led.o(.data)
    .data                                    0x200000ae   Section        4  delay.o(.data)
    fac_us                                   0x200000ae   Data           1  delay.o(.data)
    fac_ms                                   0x200000b0   Data           2  delay.o(.data)
    .data                                    0x200000b4   Section       48  main.o(.data)
    AppTaskCreate_Handle                     0x200000b4   Data           4  main.o(.data)
    LED_Task_Handle                          0x200000b8   Data           4  main.o(.data)
    KEY_Task_Handle                          0x200000bc   Data           4  main.o(.data)
    CODER_Task_Handle                        0x200000c0   Data           4  main.o(.data)
    MOTOR_Task_Handle                        0x200000c4   Data           4  main.o(.data)
    OLED_Task_Handle                         0x200000c8   Data           4  main.o(.data)
    .data                                    0x200000e4   Section        4  stdout.o(.data)
    .bss                                     0x200000e8   Section      200  tasks.o(.bss)
    pxReadyTasksLists                        0x200000e8   Data         100  tasks.o(.bss)
    xDelayedTaskList1                        0x2000014c   Data          20  tasks.o(.bss)
    xDelayedTaskList2                        0x20000160   Data          20  tasks.o(.bss)
    xPendingReadyList                        0x20000174   Data          20  tasks.o(.bss)
    xTasksWaitingTermination                 0x20000188   Data          20  tasks.o(.bss)
    xSuspendedTaskList                       0x2000019c   Data          20  tasks.o(.bss)
    .bss                                     0x200001b0   Section    17408  heap_4.o(.bss)
    ucHeap                                   0x200001b0   Data       17408  heap_4.o(.bss)
    .bss                                     0x200045b0   Section       40  timers.o(.bss)
    xActiveTimerList1                        0x200045b0   Data          20  timers.o(.bss)
    xActiveTimerList2                        0x200045c4   Data          20  timers.o(.bss)
    STACK                                    0x200045d8   Section     1024  startup_stm32f10x_md.o(STACK)

    Global Symbols

    Symbol Name                              Value     Ov Type        Size  Object(Section)

    BuildAttributes$$THM_ISAv4$P$D$K$B$S$PE$A:L22UL41UL21$X:L11$S22US41US21$IEEE1$IW$USESV6$~STKCKD$USESV7$~SHL$OSPACE$ROPI$EBA8$MICROLIB$REQ8$PRES8$EABIv2 0x00000000   Number         0  anon$$obj.o ABSOLUTE
    __ARM_use_no_argv                        0x00000000   Number         0  main.o ABSOLUTE
    _printf_a                                0x00000000   Number         0  stubs.o ABSOLUTE
    _printf_c                                0x00000000   Number         0  stubs.o ABSOLUTE
    _printf_charcount                        0x00000000   Number         0  stubs.o ABSOLUTE
    _printf_d                                0x00000000   Number         0  stubs.o ABSOLUTE
    _printf_e                                0x00000000   Number         0  stubs.o ABSOLUTE
    _printf_f                                0x00000000   Number         0  stubs.o ABSOLUTE
    _printf_flags                            0x00000000   Number         0  stubs.o ABSOLUTE
    _printf_fp_dec                           0x00000000   Number         0  stubs.o ABSOLUTE
    _printf_fp_hex                           0x00000000   Number         0  stubs.o ABSOLUTE
    _printf_g                                0x00000000   Number         0  stubs.o ABSOLUTE
    _printf_i                                0x00000000   Number         0  stubs.o ABSOLUTE
    _printf_int_dec                          0x00000000   Number         0  stubs.o ABSOLUTE
    _printf_l                                0x00000000   Number         0  stubs.o ABSOLUTE
    _printf_lc                               0x00000000   Number         0  stubs.o ABSOLUTE
    _printf_ll                               0x00000000   Number         0  stubs.o ABSOLUTE
    _printf_lld                              0x00000000   Number         0  stubs.o ABSOLUTE
    _printf_lli                              0x00000000   Number         0  stubs.o ABSOLUTE
    _printf_llo                              0x00000000   Number         0  stubs.o ABSOLUTE
    _printf_llu                              0x00000000   Number         0  stubs.o ABSOLUTE
    _printf_llx                              0x00000000   Number         0  stubs.o ABSOLUTE
    _printf_longlong_dec                     0x00000000   Number         0  stubs.o ABSOLUTE
    _printf_longlong_hex                     0x00000000   Number         0  stubs.o ABSOLUTE
    _printf_longlong_oct                     0x00000000   Number         0  stubs.o ABSOLUTE
    _printf_ls                               0x00000000   Number         0  stubs.o ABSOLUTE
    _printf_mbtowc                           0x00000000   Number         0  stubs.o ABSOLUTE
    _printf_n                                0x00000000   Number         0  stubs.o ABSOLUTE
    _printf_o                                0x00000000   Number         0  stubs.o ABSOLUTE
    _printf_p                                0x00000000   Number         0  stubs.o ABSOLUTE
    _printf_percent                          0x00000000   Number         0  stubs.o ABSOLUTE
    _printf_pre_padding                      0x00000000   Number         0  stubs.o ABSOLUTE
    _printf_return_value                     0x00000000   Number         0  stubs.o ABSOLUTE
    _printf_s                                0x00000000   Number         0  stubs.o ABSOLUTE
    _printf_sizespec                         0x00000000   Number         0  stubs.o ABSOLUTE
    _printf_str                              0x00000000   Number         0  stubs.o ABSOLUTE
    _printf_truncate_signed                  0x00000000   Number         0  stubs.o ABSOLUTE
    _printf_truncate_unsigned                0x00000000   Number         0  stubs.o ABSOLUTE
    _printf_u                                0x00000000   Number         0  stubs.o ABSOLUTE
    _printf_wc                               0x00000000   Number         0  stubs.o ABSOLUTE
    _printf_wctomb                           0x00000000   Number         0  stubs.o ABSOLUTE
    _printf_widthprec                        0x00000000   Number         0  stubs.o ABSOLUTE
    _printf_x                                0x00000000   Number         0  stubs.o ABSOLUTE
    __cpp_initialize__aeabi_                  - Undefined Weak Reference
    __cxa_finalize                            - Undefined Weak Reference
    __decompress                              - Undefined Weak Reference
    _clock_init                               - Undefined Weak Reference
    _microlib_exit                            - Undefined Weak Reference
    __Vectors_Size                           0x000000ec   Number         0  startup_stm32f10x_md.o ABSOLUTE
    __Vectors                                0x08000000   Data           4  startup_stm32f10x_md.o(RESET)
    __Vectors_End                            0x080000ec   Data           0  startup_stm32f10x_md.o(RESET)
    __main                                   0x080000ed   Thumb Code     0  entry.o(.ARM.Collect$$$$00000000)
    _main_stk                                0x080000ed   Thumb Code     0  entry2.o(.ARM.Collect$$$$00000001)
    _main_scatterload                        0x080000f1   Thumb Code     0  entry5.o(.ARM.Collect$$$$00000004)
    __main_after_scatterload                 0x080000f5   Thumb Code     0  entry5.o(.ARM.Collect$$$$00000004)
    _main_clock                              0x080000f5   Thumb Code     0  entry7b.o(.ARM.Collect$$$$00000008)
    _main_cpp_init                           0x080000f5   Thumb Code     0  entry8b.o(.ARM.Collect$$$$0000000A)
    _main_init                               0x080000f5   Thumb Code     0  entry9a.o(.ARM.Collect$$$$0000000B)
    __rt_final_cpp                           0x080000fd   Thumb Code     0  entry10a.o(.ARM.Collect$$$$0000000D)
    __rt_final_exit                          0x080000fd   Thumb Code     0  entry11a.o(.ARM.Collect$$$$0000000F)
    vPortSVCHandler                          0x08000101   Thumb Code    32  port.o(.emb_text)
    __asm___6_port_c_39a90d8d__prvStartFirstTask 0x08000125   Thumb Code    28  port.o(.emb_text)
    xPortPendSVHandler                       0x08000145   Thumb Code    72  port.o(.emb_text)
    vPortGetIPSR                             0x08000191   Thumb Code     6  port.o(.emb_text)
    SystemInit                               0x08000277   Thumb Code    78  system_stm32f10x.o(.text)
    SystemCoreClockUpdate                    0x080002c5   Thumb Code   142  system_stm32f10x.o(.text)
    Reset_Handler                            0x08000379   Thumb Code     8  startup_stm32f10x_md.o(.text)
    SVC_Handler                              0x0800038b   Thumb Code     2  startup_stm32f10x_md.o(.text)
    PendSV_Handler                           0x0800038f   Thumb Code     2  startup_stm32f10x_md.o(.text)
    SysTick_Handler                          0x08000391   Thumb Code     2  startup_stm32f10x_md.o(.text)
    ADC1_2_IRQHandler                        0x08000393   Thumb Code     0  startup_stm32f10x_md.o(.text)
    CAN1_RX1_IRQHandler                      0x08000393   Thumb Code     0  startup_stm32f10x_md.o(.text)
    CAN1_SCE_IRQHandler                      0x08000393   Thumb Code     0  startup_stm32f10x_md.o(.text)
    DMA1_Channel1_IRQHandler                 0x08000393   Thumb Code     0  startup_stm32f10x_md.o(.text)
    DMA1_Channel2_IRQHandler                 0x08000393   Thumb Code     0  startup_stm32f10x_md.o(.text)
    DMA1_Channel3_IRQHandler                 0x08000393   Thumb Code     0  startup_stm32f10x_md.o(.text)
    DMA1_Channel4_IRQHandler                 0x08000393   Thumb Code     0  startup_stm32f10x_md.o(.text)
    DMA1_Channel5_IRQHandler                 0x08000393   Thumb Code     0  startup_stm32f10x_md.o(.text)
    DMA1_Channel6_IRQHandler                 0x08000393   Thumb Code     0  startup_stm32f10x_md.o(.text)
    DMA1_Channel7_IRQHandler                 0x08000393   Thumb Code     0  startup_stm32f10x_md.o(.text)
    EXTI0_IRQHandler                         0x08000393   Thumb Code     0  startup_stm32f10x_md.o(.text)
    EXTI15_10_IRQHandler                     0x08000393   Thumb Code     0  startup_stm32f10x_md.o(.text)
    EXTI1_IRQHandler                         0x08000393   Thumb Code     0  startup_stm32f10x_md.o(.text)
    EXTI2_IRQHandler                         0x08000393   Thumb Code     0  startup_stm32f10x_md.o(.text)
    EXTI3_IRQHandler                         0x08000393   Thumb Code     0  startup_stm32f10x_md.o(.text)
    EXTI4_IRQHandler                         0x08000393   Thumb Code     0  startup_stm32f10x_md.o(.text)
    EXTI9_5_IRQHandler                       0x08000393   Thumb Code     0  startup_stm32f10x_md.o(.text)
    FLASH_IRQHandler                         0x08000393   Thumb Code     0  startup_stm32f10x_md.o(.text)
    I2C1_ER_IRQHandler                       0x08000393   Thumb Code     0  startup_stm32f10x_md.o(.text)
    I2C1_EV_IRQHandler                       0x08000393   Thumb Code     0  startup_stm32f10x_md.o(.text)
    I2C2_ER_IRQHandler                       0x08000393   Thumb Code     0  startup_stm32f10x_md.o(.text)
    I2C2_EV_IRQHandler                       0x08000393   Thumb Code     0  startup_stm32f10x_md.o(.text)
    PVD_IRQHandler                           0x08000393   Thumb Code     0  startup_stm32f10x_md.o(.text)
    RCC_IRQHandler                           0x08000393   Thumb Code     0  startup_stm32f10x_md.o(.text)
    RTCAlarm_IRQHandler                      0x08000393   Thumb Code     0  startup_stm32f10x_md.o(.text)
    SPI1_IRQHandler                          0x08000393   Thumb Code     0  startup_stm32f10x_md.o(.text)
    SPI2_IRQHandler                          0x08000393   Thumb Code     0  startup_stm32f10x_md.o(.text)
    TAMPER_IRQHandler                        0x08000393   Thumb Code     0  startup_stm32f10x_md.o(.text)
    TIM1_BRK_IRQHandler                      0x08000393   Thumb Code     0  startup_stm32f10x_md.o(.text)
    TIM1_CC_IRQHandler                       0x08000393   Thumb Code     0  startup_stm32f10x_md.o(.text)
    TIM1_TRG_COM_IRQHandler                  0x08000393   Thumb Code     0  startup_stm32f10x_md.o(.text)
    TIM1_UP_IRQHandler                       0x08000393   Thumb Code     0  startup_stm32f10x_md.o(.text)
    TIM3_IRQHandler                          0x08000393   Thumb Code     0  startup_stm32f10x_md.o(.text)
    TIM4_IRQHandler                          0x08000393   Thumb Code     0  startup_stm32f10x_md.o(.text)
    USART2_IRQHandler                        0x08000393   Thumb Code     0  startup_stm32f10x_md.o(.text)
    USART3_IRQHandler                        0x08000393   Thumb Code     0  startup_stm32f10x_md.o(.text)
    USBWakeUp_IRQHandler                     0x08000393   Thumb Code     0  startup_stm32f10x_md.o(.text)
    USB_HP_CAN1_TX_IRQHandler                0x08000393   Thumb Code     0  startup_stm32f10x_md.o(.text)
    USB_LP_CAN1_RX0_IRQHandler               0x08000393   Thumb Code     0  startup_stm32f10x_md.o(.text)
    WWDG_IRQHandler                          0x08000393   Thumb Code     0  startup_stm32f10x_md.o(.text)
    NVIC_PriorityGroupConfig                 0x0800039d   Thumb Code    10  misc.o(.text)
    NVIC_Init                                0x080003a7   Thumb Code   100  misc.o(.text)
    NVIC_SetVectorTable                      0x0800040b   Thumb Code    14  misc.o(.text)
    NVIC_SystemLPConfig                      0x08000419   Thumb Code    34  misc.o(.text)
    SysTick_CLKSourceConfig                  0x0800043b   Thumb Code    40  misc.o(.text)
    GPIO_DeInit                              0x08000479   Thumb Code   172  stm32f10x_gpio.o(.text)
    GPIO_AFIODeInit                          0x08000525   Thumb Code    20  stm32f10x_gpio.o(.text)
    GPIO_Init                                0x08000539   Thumb Code   278  stm32f10x_gpio.o(.text)
    GPIO_StructInit                          0x0800064f   Thumb Code    16  stm32f10x_gpio.o(.text)
    GPIO_ReadInputDataBit                    0x0800065f   Thumb Code    18  stm32f10x_gpio.o(.text)
    GPIO_ReadInputData                       0x08000671   Thumb Code     8  stm32f10x_gpio.o(.text)
    GPIO_ReadOutputDataBit                   0x08000679   Thumb Code    18  stm32f10x_gpio.o(.text)
    GPIO_ReadOutputData                      0x0800068b   Thumb Code     8  stm32f10x_gpio.o(.text)
    GPIO_SetBits                             0x08000693   Thumb Code     4  stm32f10x_gpio.o(.text)
    GPIO_ResetBits                           0x08000697   Thumb Code     4  stm32f10x_gpio.o(.text)
    GPIO_WriteBit                            0x0800069b   Thumb Code    10  stm32f10x_gpio.o(.text)
    GPIO_Write                               0x080006a5   Thumb Code     4  stm32f10x_gpio.o(.text)
    GPIO_PinLockConfig                       0x080006a9   Thumb Code    18  stm32f10x_gpio.o(.text)
    GPIO_EventOutputConfig                   0x080006bb   Thumb Code    26  stm32f10x_gpio.o(.text)
    GPIO_EventOutputCmd                      0x080006d5   Thumb Code     6  stm32f10x_gpio.o(.text)
    GPIO_PinRemapConfig                      0x080006db   Thumb Code   138  stm32f10x_gpio.o(.text)
    GPIO_EXTILineConfig                      0x08000765   Thumb Code    66  stm32f10x_gpio.o(.text)
    GPIO_ETH_MediaInterfaceConfig            0x080007a7   Thumb Code     8  stm32f10x_gpio.o(.text)
    I2C_DeInit                               0x080007d5   Thumb Code    50  stm32f10x_i2c.o(.text)
    I2C_Init                                 0x08000807   Thumb Code   222  stm32f10x_i2c.o(.text)
    I2C_StructInit                           0x080008e5   Thumb Code    30  stm32f10x_i2c.o(.text)
    I2C_Cmd                                  0x08000903   Thumb Code    24  stm32f10x_i2c.o(.text)
    I2C_DMACmd                               0x0800091b   Thumb Code    24  stm32f10x_i2c.o(.text)
    I2C_DMALastTransferCmd                   0x08000933   Thumb Code    24  stm32f10x_i2c.o(.text)
    I2C_GenerateSTART                        0x0800094b   Thumb Code    24  stm32f10x_i2c.o(.text)
    I2C_GenerateSTOP                         0x08000963   Thumb Code    24  stm32f10x_i2c.o(.text)
    I2C_AcknowledgeConfig                    0x0800097b   Thumb Code    24  stm32f10x_i2c.o(.text)
    I2C_OwnAddress2Config                    0x08000993   Thumb Code    22  stm32f10x_i2c.o(.text)
    I2C_DualAddressCmd                       0x080009a9   Thumb Code    24  stm32f10x_i2c.o(.text)
    I2C_GeneralCallCmd                       0x080009c1   Thumb Code    24  stm32f10x_i2c.o(.text)
    I2C_ITConfig                             0x080009d9   Thumb Code    18  stm32f10x_i2c.o(.text)
    I2C_SendData                             0x080009eb   Thumb Code     4  stm32f10x_i2c.o(.text)
    I2C_ReceiveData                          0x080009ef   Thumb Code     8  stm32f10x_i2c.o(.text)
    I2C_Send7bitAddress                      0x080009f7   Thumb Code    18  stm32f10x_i2c.o(.text)
    I2C_ReadRegister                         0x08000a09   Thumb Code    22  stm32f10x_i2c.o(.text)
    I2C_SoftwareResetCmd                     0x08000a1f   Thumb Code    22  stm32f10x_i2c.o(.text)
    I2C_NACKPositionConfig                   0x08000a35   Thumb Code    28  stm32f10x_i2c.o(.text)
    I2C_SMBusAlertConfig                     0x08000a51   Thumb Code    28  stm32f10x_i2c.o(.text)
    I2C_TransmitPEC                          0x08000a6d   Thumb Code    24  stm32f10x_i2c.o(.text)
    I2C_PECPositionConfig                    0x08000a85   Thumb Code    28  stm32f10x_i2c.o(.text)
    I2C_CalculatePEC                         0x08000aa1   Thumb Code    24  stm32f10x_i2c.o(.text)
    I2C_GetPEC                               0x08000ab9   Thumb Code     8  stm32f10x_i2c.o(.text)
    I2C_ARPCmd                               0x08000ac1   Thumb Code    24  stm32f10x_i2c.o(.text)
    I2C_StretchClockCmd                      0x08000ad9   Thumb Code    24  stm32f10x_i2c.o(.text)
    I2C_FastModeDutyCycleConfig              0x08000af1   Thumb Code    28  stm32f10x_i2c.o(.text)
    I2C_CheckEvent                           0x08000b0d   Thumb Code    42  stm32f10x_i2c.o(.text)
    I2C_GetLastEvent                         0x08000b37   Thumb Code    26  stm32f10x_i2c.o(.text)
    I2C_GetFlagStatus                        0x08000b51   Thumb Code    58  stm32f10x_i2c.o(.text)
    I2C_ClearFlag                            0x08000b8b   Thumb Code    12  stm32f10x_i2c.o(.text)
    I2C_GetITStatus                          0x08000b97   Thumb Code    54  stm32f10x_i2c.o(.text)
    I2C_ClearITPendingBit                    0x08000bcd   Thumb Code    12  stm32f10x_i2c.o(.text)
    RCC_DeInit                               0x08000bd9   Thumb Code    64  stm32f10x_rcc.o(.text)
    RCC_HSEConfig                            0x08000c19   Thumb Code    70  stm32f10x_rcc.o(.text)
    RCC_GetFlagStatus                        0x08000c5f   Thumb Code    56  stm32f10x_rcc.o(.text)
    RCC_WaitForHSEStartUp                    0x08000c97   Thumb Code    56  stm32f10x_rcc.o(.text)
    RCC_AdjustHSICalibrationValue            0x08000ccf   Thumb Code    20  stm32f10x_rcc.o(.text)
    RCC_HSICmd                               0x08000ce3   Thumb Code     6  stm32f10x_rcc.o(.text)
    RCC_PLLConfig                            0x08000ce9   Thumb Code    24  stm32f10x_rcc.o(.text)
    RCC_PLLCmd                               0x08000d01   Thumb Code     6  stm32f10x_rcc.o(.text)
    RCC_SYSCLKConfig                         0x08000d07   Thumb Code    18  stm32f10x_rcc.o(.text)
    RCC_GetSYSCLKSource                      0x08000d19   Thumb Code    10  stm32f10x_rcc.o(.text)
    RCC_HCLKConfig                           0x08000d23   Thumb Code    18  stm32f10x_rcc.o(.text)
    RCC_PCLK1Config                          0x08000d35   Thumb Code    18  stm32f10x_rcc.o(.text)
    RCC_PCLK2Config                          0x08000d47   Thumb Code    20  stm32f10x_rcc.o(.text)
    RCC_ITConfig                             0x08000d5b   Thumb Code    26  stm32f10x_rcc.o(.text)
    RCC_USBCLKConfig                         0x08000d75   Thumb Code     8  stm32f10x_rcc.o(.text)
    RCC_ADCCLKConfig                         0x08000d7d   Thumb Code    18  stm32f10x_rcc.o(.text)
    RCC_LSEConfig                            0x08000d8f   Thumb Code    50  stm32f10x_rcc.o(.text)
    RCC_LSICmd                               0x08000dc1   Thumb Code     6  stm32f10x_rcc.o(.text)
    RCC_RTCCLKConfig                         0x08000dc7   Thumb Code    12  stm32f10x_rcc.o(.text)
    RCC_RTCCLKCmd                            0x08000dd3   Thumb Code     8  stm32f10x_rcc.o(.text)
    RCC_GetClocksFreq                        0x08000ddb   Thumb Code   192  stm32f10x_rcc.o(.text)
    RCC_AHBPeriphClockCmd                    0x08000e9b   Thumb Code    26  stm32f10x_rcc.o(.text)
    RCC_APB2PeriphClockCmd                   0x08000eb5   Thumb Code    26  stm32f10x_rcc.o(.text)
    RCC_APB1PeriphClockCmd                   0x08000ecf   Thumb Code    26  stm32f10x_rcc.o(.text)
    RCC_APB2PeriphResetCmd                   0x08000ee9   Thumb Code    26  stm32f10x_rcc.o(.text)
    RCC_APB1PeriphResetCmd                   0x08000f03   Thumb Code    26  stm32f10x_rcc.o(.text)
    RCC_BackupResetCmd                       0x08000f1d   Thumb Code     8  stm32f10x_rcc.o(.text)
    RCC_ClockSecuritySystemCmd               0x08000f25   Thumb Code     6  stm32f10x_rcc.o(.text)
    RCC_MCOConfig                            0x08000f2b   Thumb Code     6  stm32f10x_rcc.o(.text)
    RCC_ClearFlag                            0x08000f31   Thumb Code    14  stm32f10x_rcc.o(.text)
    RCC_GetITStatus                          0x08000f3f   Thumb Code    20  stm32f10x_rcc.o(.text)
    RCC_ClearITPendingBit                    0x08000f53   Thumb Code     6  stm32f10x_rcc.o(.text)
    USART_DeInit                             0x08000f7d   Thumb Code   134  stm32f10x_usart.o(.text)
    USART_Init                               0x08001003   Thumb Code   210  stm32f10x_usart.o(.text)
    USART_StructInit                         0x080010d5   Thumb Code    24  stm32f10x_usart.o(.text)
    USART_ClockInit                          0x080010ed   Thumb Code    34  stm32f10x_usart.o(.text)
    USART_ClockStructInit                    0x0800110f   Thumb Code    12  stm32f10x_usart.o(.text)
    USART_Cmd                                0x0800111b   Thumb Code    24  stm32f10x_usart.o(.text)
    USART_ITConfig                           0x08001133   Thumb Code    74  stm32f10x_usart.o(.text)
    USART_DMACmd                             0x0800117d   Thumb Code    18  stm32f10x_usart.o(.text)
    USART_SetAddress                         0x0800118f   Thumb Code    18  stm32f10x_usart.o(.text)
    USART_WakeUpConfig                       0x080011a1   Thumb Code    18  stm32f10x_usart.o(.text)
    USART_ReceiverWakeUpCmd                  0x080011b3   Thumb Code    24  stm32f10x_usart.o(.text)
    USART_LINBreakDetectLengthConfig         0x080011cb   Thumb Code    18  stm32f10x_usart.o(.text)
    USART_LINCmd                             0x080011dd   Thumb Code    24  stm32f10x_usart.o(.text)
    USART_SendData                           0x080011f5   Thumb Code     8  stm32f10x_usart.o(.text)
    USART_ReceiveData                        0x080011fd   Thumb Code    10  stm32f10x_usart.o(.text)
    USART_SendBreak                          0x08001207   Thumb Code    10  stm32f10x_usart.o(.text)
    USART_SetGuardTime                       0x08001211   Thumb Code    16  stm32f10x_usart.o(.text)
    USART_SetPrescaler                       0x08001221   Thumb Code    16  stm32f10x_usart.o(.text)
    USART_SmartCardCmd                       0x08001231   Thumb Code    24  stm32f10x_usart.o(.text)
    USART_SmartCardNACKCmd                   0x08001249   Thumb Code    24  stm32f10x_usart.o(.text)
    USART_HalfDuplexCmd                      0x08001261   Thumb Code    24  stm32f10x_usart.o(.text)
    USART_OverSampling8Cmd                   0x08001279   Thumb Code    22  stm32f10x_usart.o(.text)
    USART_OneBitMethodCmd                    0x0800128f   Thumb Code    24  stm32f10x_usart.o(.text)
    USART_IrDAConfig                         0x080012a7   Thumb Code    18  stm32f10x_usart.o(.text)
    USART_IrDACmd                            0x080012b9   Thumb Code    24  stm32f10x_usart.o(.text)
    USART_GetFlagStatus                      0x080012d1   Thumb Code    26  stm32f10x_usart.o(.text)
    USART_ClearFlag                          0x080012eb   Thumb Code    18  stm32f10x_usart.o(.text)
    USART_GetITStatus                        0x080012fd   Thumb Code    84  stm32f10x_usart.o(.text)
    USART_ClearITPendingBit                  0x08001351   Thumb Code    52  stm32f10x_usart.o(.text)
    vListInitialise                          0x08001385   Thumb Code    26  list.o(.text)
    vListInitialiseItem                      0x0800139f   Thumb Code     6  list.o(.text)
    vListInsertEnd                           0x080013a5   Thumb Code    24  list.o(.text)
    vListInsert                              0x080013bd   Thumb Code    52  list.o(.text)
    uxListRemove                             0x080013f1   Thumb Code    40  list.o(.text)
    xQueueGenericReset                       0x08001419   Thumb Code   122  queue.o(.text)
    xQueueGenericCreate                      0x080014b9   Thumb Code    52  queue.o(.text)
    xQueueCreateCountingSemaphore            0x080014ed   Thumb Code    26  queue.o(.text)
    xQueueGenericSend                        0x0800160d   Thumb Code   276  queue.o(.text)
    xQueueGenericSendFromISR                 0x08001721   Thumb Code   138  queue.o(.text)
    xQueueGiveFromISR                        0x080017ab   Thumb Code   120  queue.o(.text)
    xQueueReceive                            0x0800186d   Thumb Code   256  queue.o(.text)
    xQueueSemaphoreTake                      0x0800196d   Thumb Code   234  queue.o(.text)
    xQueuePeek                               0x08001a57   Thumb Code   262  queue.o(.text)
    xQueueReceiveFromISR                     0x08001b5d   Thumb Code   130  queue.o(.text)
    xQueuePeekFromISR                        0x08001bdf   Thumb Code    74  queue.o(.text)
    uxQueueMessagesWaiting                   0x08001c29   Thumb Code    18  queue.o(.text)
    uxQueueSpacesAvailable                   0x08001c3b   Thumb Code    24  queue.o(.text)
    uxQueueMessagesWaitingFromISR            0x08001c53   Thumb Code     8  queue.o(.text)
    vQueueDelete                             0x08001c5b   Thumb Code    14  queue.o(.text)
    xQueueIsQueueEmptyFromISR                0x08001c69   Thumb Code    16  queue.o(.text)
    xQueueIsQueueFullFromISR                 0x08001c79   Thumb Code    28  queue.o(.text)
    vQueueWaitForMessageRestricted           0x08001c95   Thumb Code    74  queue.o(.text)
    xTaskCreate                              0x08001e47   Thumb Code    96  tasks.o(.text)
    vTaskDelete                              0x08001ee3   Thumb Code   166  tasks.o(.text)
    xTaskIncrementTick                       0x08001f89   Thumb Code   238  tasks.o(.text)
    xTaskResumeAll                           0x08002077   Thumb Code   282  tasks.o(.text)
    vTaskSuspendAll                          0x0800220d   Thumb Code    12  tasks.o(.text)
    vTaskDelayUntil                          0x08002219   Thumb Code   106  tasks.o(.text)
    vTaskDelay                               0x08002283   Thumb Code    46  tasks.o(.text)
    uxTaskPriorityGet                        0x080022b1   Thumb Code    30  tasks.o(.text)
    uxTaskPriorityGetFromISR                 0x080022cf   Thumb Code    52  tasks.o(.text)
    vTaskPrioritySet                         0x08002303   Thumb Code   216  tasks.o(.text)
    vTaskSwitchContext                       0x080023db   Thumb Code    76  tasks.o(.text)
    vTaskSuspend                             0x08002427   Thumb Code   174  tasks.o(.text)
    vTaskResume                              0x0800250d   Thumb Code   172  tasks.o(.text)
    xTaskResumeFromISR                       0x080025b9   Thumb Code   130  tasks.o(.text)
    vTaskStartScheduler                      0x08002697   Thumb Code    82  tasks.o(.text)
    vTaskEndScheduler                        0x080026e9   Thumb Code    32  tasks.o(.text)
    xTaskGetTickCount                        0x08002709   Thumb Code     6  tasks.o(.text)
    xTaskGetTickCountFromISR                 0x0800270f   Thumb Code     8  tasks.o(.text)
    uxTaskGetNumberOfTasks                   0x08002717   Thumb Code     6  tasks.o(.text)
    pcTaskGetName                            0x0800271d   Thumb Code    20  tasks.o(.text)
    xTaskCatchUpTicks                        0x08002731   Thumb Code    30  tasks.o(.text)
    vTaskPlaceOnEventList                    0x0800274f   Thumb Code    28  tasks.o(.text)
    vTaskPlaceOnUnorderedEventList           0x0800276b   Thumb Code    40  tasks.o(.text)
    vTaskPlaceOnEventListRestricted          0x08002793   Thumb Code    36  tasks.o(.text)
    xTaskRemoveFromEventList                 0x080027b7   Thumb Code   104  tasks.o(.text)
    vTaskRemoveFromUnorderedEventList        0x0800281f   Thumb Code    82  tasks.o(.text)
    vTaskSetTimeOutState                     0x08002871   Thumb Code    26  tasks.o(.text)
    vTaskInternalSetTimeOutState             0x0800288b   Thumb Code    14  tasks.o(.text)
    xTaskCheckForTimeOut                     0x08002899   Thumb Code    84  tasks.o(.text)
    vTaskMissedYield                         0x080028ed   Thumb Code     8  tasks.o(.text)
    xTaskGetSchedulerState                   0x080028f5   Thumb Code    24  tasks.o(.text)
    uxTaskResetEventItemValue                0x0800290d   Thumb Code    24  tasks.o(.text)
    ulTaskNotifyTake                         0x08002925   Thumb Code   190  tasks.o(.text)
    xTaskNotifyWait                          0x080029e3   Thumb Code   150  tasks.o(.text)
    xTaskGenericNotify                       0x08002a79   Thumb Code   180  tasks.o(.text)
    xTaskGenericNotifyFromISR                0x08002b2d   Thumb Code   228  tasks.o(.text)
    vTaskNotifyGiveFromISR                   0x08002c11   Thumb Code   152  tasks.o(.text)
    xTaskNotifyStateClear                    0x08002ca9   Thumb Code    48  tasks.o(.text)
    ulTaskNotifyValueClear                   0x08002cd9   Thumb Code    46  tasks.o(.text)
    pxPortInitialiseStack                    0x08002d3b   Thumb Code    30  port.o(.text)
    vPortSetupTimerInterrupt                 0x08002d59   Thumb Code    20  port.o(.text)
    xPortStartScheduler                      0x08002d6d   Thumb Code    42  port.o(.text)
    vPortEndScheduler                        0x08002d97   Thumb Code     2  port.o(.text)
    vPortEnterCritical                       0x08002d99   Thumb Code    30  port.o(.text)
    vPortExitCritical                        0x08002db7   Thumb Code    28  port.o(.text)
    xPortSysTickHandler                      0x08002dd3   Thumb Code    48  port.o(.text)
    pvPortMalloc                             0x08002ed7   Thumb Code   198  heap_4.o(.text)
    vPortFree                                0x08002f9d   Thumb Code    74  heap_4.o(.text)
    xPortGetFreeHeapSize                     0x08002fe7   Thumb Code     6  heap_4.o(.text)
    xPortGetMinimumEverFreeHeapSize          0x08002fed   Thumb Code     6  heap_4.o(.text)
    vPortInitialiseBlocks                    0x08002ff3   Thumb Code     2  heap_4.o(.text)
    vPortGetHeapStats                        0x08002ff5   Thumb Code   104  heap_4.o(.text)
    xTimerCreateTimerTask                    0x08003365   Thumb Code    40  timers.o(.text)
    xTimerCreate                             0x080033c5   Thumb Code    54  timers.o(.text)
    xTimerGenericCommand                     0x080033fb   Thumb Code   102  timers.o(.text)
    xTimerGetTimerDaemonTaskHandle           0x08003461   Thumb Code     6  timers.o(.text)
    xTimerGetPeriod                          0x08003467   Thumb Code     8  timers.o(.text)
    vTimerSetReloadMode                      0x0800346f   Thumb Code    92  timers.o(.text)
    uxTimerGetReloadMode                     0x080034cb   Thumb Code    34  timers.o(.text)
    xTimerGetExpiryTime                      0x080034ed   Thumb Code     8  timers.o(.text)
    pcTimerGetName                           0x080034f5   Thumb Code     8  timers.o(.text)
    xTimerIsTimerActive                      0x080034fd   Thumb Code    34  timers.o(.text)
    pvTimerGetTimerID                        0x0800351f   Thumb Code    20  timers.o(.text)
    vTimerSetTimerID                         0x08003533   Thumb Code    20  timers.o(.text)
    USART1_Init                              0x08003549   Thumb Code   124  bsp_usart.o(.text)
    fputc                                    0x080035c5   Thumb Code    32  bsp_usart.o(.text)
    USART1_Putc                              0x080035e5   Thumb Code    28  bsp_usart.o(.text)
    fgetc                                    0x08003601   Thumb Code    26  bsp_usart.o(.text)
    USART1_Puts                              0x0800361b   Thumb Code    38  bsp_usart.o(.text)
    Switch_Add                               0x08003649   Thumb Code   144  codingswitch_scan.o(.text)
    Switch_Sub                               0x080036d9   Thumb Code   140  codingswitch_scan.o(.text)
    CodingsWitchPolling                      0x08003765   Thumb Code   302  codingswitch_scan.o(.text)
    bsp_key                                  0x0800392d   Thumb Code   596  bsp_key.o(.text)
    HC595_WR                                 0x08003c55   Thumb Code    66  bsp_led.o(.text)
    HC595_Over                               0x08003c97   Thumb Code    32  bsp_led.o(.text)
    SMG_Display                              0x08003cb7   Thumb Code    16  bsp_led.o(.text)
    System_595                               0x08003cc7   Thumb Code    12  bsp_led.o(.text)
    System_Led_Close                         0x08003cd3   Thumb Code    24  bsp_led.o(.text)
    System_Led_CloseAC                       0x08003ceb   Thumb Code    22  bsp_led.o(.text)
    System_Led_AllOpen                       0x08003d01   Thumb Code    20  bsp_led.o(.text)
    bsp_led                                  0x08003d15   Thumb Code   360  bsp_led.o(.text)
    bsp_motor                                0x08003eb1   Thumb Code     2  bsp_motor.o(.text)
    DelayInit                                0x08003eb5   Thumb Code    50  delay.o(.text)
    DelayUs                                  0x08003ee7   Thumb Code    72  delay.o(.text)
    DelayMs                                  0x08003f2f   Thumb Code    72  delay.o(.text)
    DelayS                                   0x08003f77   Thumb Code    26  delay.o(.text)
    I2C_Configuration                        0x08003fa1   Thumb Code   110  bsp_oled.o(.text)
    I2C_WriteByte                            0x0800400f   Thumb Code   126  bsp_oled.o(.text)
    WriteCmd                                 0x0800408d   Thumb Code    14  bsp_oled.o(.text)
    WriteDat                                 0x0800409b   Thumb Code    14  bsp_oled.o(.text)
    OLED_Init                                0x080040a9   Thumb Code   178  bsp_oled.o(.text)
    OLED_SetPos                              0x0800415b   Thumb Code    40  bsp_oled.o(.text)
    OLED_Fill                                0x08004183   Thumb Code    58  bsp_oled.o(.text)
    OLED_CLS                                 0x080041bd   Thumb Code    10  bsp_oled.o(.text)
    OLED_ON                                  0x080041c7   Thumb Code    22  bsp_oled.o(.text)
    OLED_OFF                                 0x080041dd   Thumb Code    22  bsp_oled.o(.text)
    OLED_ShowStr                             0x080041f3   Thumb Code   228  bsp_oled.o(.text)
    OLED_ShowCN                              0x080042d7   Thumb Code    80  bsp_oled.o(.text)
    OLED_DrawBMP                             0x08004327   Thumb Code   116  bsp_oled.o(.text)
    bsp_oled                                 0x0800439b   Thumb Code   334  bsp_oled.o(.text)
    main                                     0x0800466d   Thumb Code    76  main.o(.text)
    delay_ms1                                0x0800486d   Thumb Code    14  stm32_system_init.o(.text)
    IT_NVIC_Config                           0x0800487b   Thumb Code     2  stm32_system_init.o(.text)
    Bsp_GPIO_Init                            0x0800487d   Thumb Code   160  stm32_system_init.o(.text)
    System_Init                              0x0800491d   Thumb Code    12  stm32_system_init.o(.text)
    RTC_IRQHandler                           0x08004935   Thumb Code     2  stm32f10x_it.o(.text)
    NMI_Handler                              0x08004937   Thumb Code     2  stm32f10x_it.o(.text)
    HardFault_Handler                        0x08004939   Thumb Code     4  stm32f10x_it.o(.text)
    MemManage_Handler                        0x0800493d   Thumb Code     4  stm32f10x_it.o(.text)
    BusFault_Handler                         0x08004941   Thumb Code     4  stm32f10x_it.o(.text)
    UsageFault_Handler                       0x08004945   Thumb Code     4  stm32f10x_it.o(.text)
    DebugMon_Handler                         0x08004949   Thumb Code     2  stm32f10x_it.o(.text)
    SDIO_IRQHandler                          0x0800494b   Thumb Code     2  stm32f10x_it.o(.text)
    TIM2_IRQHandler                          0x0800494d   Thumb Code     2  stm32f10x_it.o(.text)
    USART1_IRQHandler                        0x0800494f   Thumb Code     2  stm32f10x_it.o(.text)
    __aeabi_memcpy                           0x08004951   Thumb Code    36  memcpya.o(.text)
    __aeabi_memcpy4                          0x08004951   Thumb Code     0  memcpya.o(.text)
    __aeabi_memcpy8                          0x08004951   Thumb Code     0  memcpya.o(.text)
    __aeabi_uldivmod                         0x08004975   Thumb Code    98  uldiv.o(.text)
    __scatterload                            0x080049d9   Thumb Code    28  init.o(.text)
    __scatterload_rt2                        0x080049d9   Thumb Code     0  init.o(.text)
    __aeabi_llsl                             0x080049fd   Thumb Code    30  llshl.o(.text)
    _ll_shift_l                              0x080049fd   Thumb Code     0  llshl.o(.text)
    __aeabi_llsr                             0x08004a1b   Thumb Code    32  llushr.o(.text)
    _ll_ushift_r                             0x08004a1b   Thumb Code     0  llushr.o(.text)
    __0printf$5                              0x08004a3d   Thumb Code    22  printf5.o(i.__0printf$5)
    __1printf$5                              0x08004a3d   Thumb Code     0  printf5.o(i.__0printf$5)
    __2printf                                0x08004a3d   Thumb Code     0  printf5.o(i.__0printf$5)
    __scatterload_copy                       0x08004a5d   Thumb Code    14  handlers.o(i.__scatterload_copy)
    __scatterload_null                       0x08004a6b   Thumb Code     2  handlers.o(i.__scatterload_null)
    __scatterload_zeroinit                   0x08004a6d   Thumb Code    14  handlers.o(i.__scatterload_zeroinit)
    F16x16                                   0x08004d3c   Data         160  bsp_oled.o(.constdata)
    F6x8                                     0x08004ddc   Data         552  bsp_oled.o(.constdata)
    F8X16                                    0x08005004   Data        1520  bsp_oled.o(.constdata)
    SmoothieBMP                              0x080055f4   Data         384  bsp_oled.o(.constdata)
    OrangeBMP                                0x08005774   Data         384  bsp_oled.o(.constdata)
    levelBMP                                 0x080058f4   Data         384  bsp_oled.o(.constdata)
    SoybeanBMP                               0x08005a74   Data         384  bsp_oled.o(.constdata)
    MilkShakeBMP                             0x08005bf4   Data         384  bsp_oled.o(.constdata)
    KnifeBMP                                 0x08005d74   Data         384  bsp_oled.o(.constdata)
    WashBMP                                  0x08005ef4   Data         384  bsp_oled.o(.constdata)
    BrashIceBMP                              0x08006074   Data         384  bsp_oled.o(.constdata)
    SoapBMP                                  0x080061f4   Data         384  bsp_oled.o(.constdata)
    Region$$Table$$Base                      0x08006374   Number         0  anon$$obj.o(Region$$Table)
    Region$$Table$$Limit                     0x08006394   Number         0  anon$$obj.o(Region$$Table)
    SystemCoreClock                          0x20000000   Data           4  system_stm32f10x.o(.data)
    AHBPrescTable                            0x20000004   Data          16  system_stm32f10x.o(.data)
    pxCurrentTCB                             0x20000028   Data           4  tasks.o(.data)
    SW_shadow                                0x2000009c   Data           1  codingswitch_scan.o(.data)
    key_cnt_number                           0x2000009d   Data           1  codingswitch_scan.o(.data)
    key_cnt_timer                            0x2000009e   Data           1  codingswitch_scan.o(.data)
    xReturn                                  0x200000a0   Data           4  codingswitch_scan.o(.data)
    Key_buf                                  0x200000a4   Data           1  bsp_key.o(.data)
    Key_Data                                 0x200000a5   Data           1  bsp_key.o(.data)
    Key_Filter                               0x200000a6   Data           1  bsp_key.o(.data)
    ReadData                                 0x200000a7   Data           1  bsp_key.o(.data)
    Trg                                      0x200000a8   Data           1  bsp_key.o(.data)
    Cont                                     0x200000a9   Data           1  bsp_key.o(.data)
    flag1                                    0x200000aa   Data           1  bsp_key.o(.data)
    udISR_Key_Mode                           0x200000ab   Data           1  bsp_key.o(.data)
    udISR_Key_Speed                          0x200000ac   Data           1  bsp_key.o(.data)
    udISR_Led_Data                           0x200000ad   Data           1  bsp_led.o(.data)
    Led_Message_Queue                        0x200000cc   Data           4  main.o(.data)
    oLed_Message_Queue                       0x200000d0   Data           4  main.o(.data)
    Led_BinarySem_Handle                     0x200000d4   Data           4  main.o(.data)
    oLed_BinarySem_Handle                    0x200000d8   Data           4  main.o(.data)
    Start_BinarySem_Handle                   0x200000dc   Data           4  main.o(.data)
    CountSem_Handle                          0x200000e0   Data           4  main.o(.data)
    __stdout                                 0x200000e4   Data           4  stdout.o(.data)
    __initial_sp                             0x200049d8   Data           0  startup_stm32f10x_md.o(STACK)



==============================================================================

Memory Map of the image

  Image Entry point : 0x080000ed

  Load Region LR_IROM1 (Base: 0x08000000, Size: 0x0000647c, Max: 0x00020000, ABSOLUTE)

    Execution Region ER_IROM1 (Exec base: 0x08000000, Load base: 0x08000000, Size: 0x00006394, Max: 0x00020000, ABSOLUTE)

    Exec Addr    Load Addr    Size         Type   Attr      Idx    E Section Name        Object

    0x08000000   0x08000000   0x000000ec   Data   RO           44    RESET               startup_stm32f10x_md.o
    0x080000ec   0x080000ec   0x00000000   Code   RO          784  * .ARM.Collect$$$$00000000  mc_w.l(entry.o)
    0x080000ec   0x080000ec   0x00000004   Code   RO         1052    .ARM.Collect$$$$00000001  mc_w.l(entry2.o)
    0x080000f0   0x080000f0   0x00000004   Code   RO         1055    .ARM.Collect$$$$00000004  mc_w.l(entry5.o)
    0x080000f4   0x080000f4   0x00000000   Code   RO         1057    .ARM.Collect$$$$00000008  mc_w.l(entry7b.o)
    0x080000f4   0x080000f4   0x00000000   Code   RO         1059    .ARM.Collect$$$$0000000A  mc_w.l(entry8b.o)
    0x080000f4   0x080000f4   0x00000008   Code   RO         1060    .ARM.Collect$$$$0000000B  mc_w.l(entry9a.o)
    0x080000fc   0x080000fc   0x00000000   Code   RO         1062    .ARM.Collect$$$$0000000D  mc_w.l(entry10a.o)
    0x080000fc   0x080000fc   0x00000000   Code   RO         1064    .ARM.Collect$$$$0000000F  mc_w.l(entry11a.o)
    0x080000fc   0x080000fc   0x00000004   Code   RO         1053    .ARM.Collect$$$$00002712  mc_w.l(entry2.o)
    0x08000100   0x08000100   0x00000096   Code   RO          506    .emb_text           port.o
    0x08000196   0x08000196   0x00000002   PAD
    0x08000198   0x08000198   0x000001e0   Code   RO           17    .text               system_stm32f10x.o
    0x08000378   0x08000378   0x00000024   Code   RO           45    .text               startup_stm32f10x_md.o
    0x0800039c   0x0800039c   0x000000dc   Code   RO           49    .text               misc.o
    0x08000478   0x08000478   0x0000035c   Code   RO          236    .text               stm32f10x_gpio.o
    0x080007d4   0x080007d4   0x00000404   Code   RO          251    .text               stm32f10x_i2c.o
    0x08000bd8   0x08000bd8   0x000003a4   Code   RO          296    .text               stm32f10x_rcc.o
    0x08000f7c   0x08000f7c   0x00000408   Code   RO          370    .text               stm32f10x_usart.o
    0x08001384   0x08001384   0x00000094   Code   RO          400    .text               list.o
    0x08001418   0x08001418   0x000008c6   Code   RO          442    .text               queue.o
    0x08001cde   0x08001cde   0x00000002   PAD
    0x08001ce0   0x08001ce0   0x00001044   Code   RO          472    .text               tasks.o
    0x08002d24   0x08002d24   0x000000f0   Code   RO          507    .text               port.o
    0x08002e14   0x08002e14   0x00000268   Code   RO          542    .text               heap_4.o
    0x0800307c   0x0800307c   0x000004ca   Code   RO          575    .text               timers.o
    0x08003546   0x08003546   0x00000002   PAD
    0x08003548   0x08003548   0x00000100   Code   RO          596    .text               bsp_usart.o
    0x08003648   0x08003648   0x000002e4   Code   RO          615    .text               codingswitch_scan.o
    0x0800392c   0x0800392c   0x00000328   Code   RO          650    .text               bsp_key.o
    0x08003c54   0x08003c54   0x0000025c   Code   RO          669    .text               bsp_led.o
    0x08003eb0   0x08003eb0   0x00000002   Code   RO          684    .text               bsp_motor.o
    0x08003eb2   0x08003eb2   0x00000002   PAD
    0x08003eb4   0x08003eb4   0x000000ec   Code   RO          696    .text               delay.o
    0x08003fa0   0x08003fa0   0x00000574   Code   RO          716    .text               bsp_oled.o
    0x08004514   0x08004514   0x00000358   Code   RO          738    .text               main.o
    0x0800486c   0x0800486c   0x000000c8   Code   RO          757    .text               stm32_system_init.o
    0x08004934   0x08004934   0x0000001c   Code   RO          769    .text               stm32f10x_it.o
    0x08004950   0x08004950   0x00000024   Code   RO          787    .text               mc_w.l(memcpya.o)
    0x08004974   0x08004974   0x00000062   Code   RO         1069    .text               mc_w.l(uldiv.o)
    0x080049d6   0x080049d6   0x00000002   PAD
    0x080049d8   0x080049d8   0x00000024   Code   RO         1082    .text               mc_w.l(init.o)
    0x080049fc   0x080049fc   0x0000001e   Code   RO         1084    .text               mc_w.l(llshl.o)
    0x08004a1a   0x08004a1a   0x00000020   Code   RO         1086    .text               mc_w.l(llushr.o)
    0x08004a3a   0x08004a3a   0x00000002   PAD
    0x08004a3c   0x08004a3c   0x00000020   Code   RO          924    i.__0printf$5       mc_w.l(printf5.o)
    0x08004a5c   0x08004a5c   0x0000000e   Code   RO         1094    i.__scatterload_copy  mc_w.l(handlers.o)
    0x08004a6a   0x08004a6a   0x00000002   Code   RO         1095    i.__scatterload_null  mc_w.l(handlers.o)
    0x08004a6c   0x08004a6c   0x0000000e   Code   RO         1096    i.__scatterload_zeroinit  mc_w.l(handlers.o)
    0x08004a7a   0x08004a7a   0x00000002   PAD
    0x08004a7c   0x08004a7c   0x000002c0   Code   RO          931    i._printf_core      mc_w.l(printf5.o)
    0x08004d3c   0x08004d3c   0x00001638   Data   RO          717    .constdata          bsp_oled.o
    0x08006374   0x08006374   0x00000020   Data   RO         1092    Region$$Table       anon$$obj.o


    Execution Region RW_IRAM1 (Exec base: 0x20000000, Load base: 0x08006394, Size: 0x000049d8, Max: 0x00005000, ABSOLUTE)

    Exec Addr    Load Addr    Size         Type   Attr      Idx    E Section Name        Object

    0x20000000   0x08006394   0x00000014   Data   RW           18    .data               system_stm32f10x.o
    0x20000014   0x080063a8   0x00000014   Data   RW          297    .data               stm32f10x_rcc.o
    0x20000028   0x080063bc   0x0000003c   Data   RW          474    .data               tasks.o
    0x20000064   0x080063f8   0x00000004   Data   RW          508    .data               port.o
    0x20000068   0x080063fc   0x00000020   Data   RW          544    .data               heap_4.o
    0x20000088   0x0800641c   0x00000014   Data   RW          577    .data               timers.o
    0x2000009c   0x08006430   0x00000008   Data   RW          616    .data               codingswitch_scan.o
    0x200000a4   0x08006438   0x00000009   Data   RW          651    .data               bsp_key.o
    0x200000ad   0x08006441   0x00000001   Data   RW          670    .data               bsp_led.o
    0x200000ae   0x08006442   0x00000004   Data   RW          697    .data               delay.o
    0x200000b2   0x08006446   0x00000002   PAD
    0x200000b4   0x08006448   0x00000030   Data   RW          739    .data               main.o
    0x200000e4   0x08006478   0x00000004   Data   RW         1066    .data               mc_w.l(stdout.o)
    0x200000e8        -       0x000000c8   Zero   RW          473    .bss                tasks.o
    0x200001b0        -       0x00004400   Zero   RW          543    .bss                heap_4.o
    0x200045b0        -       0x00000028   Zero   RW          576    .bss                timers.o
    0x200045d8        -       0x00000400   Zero   RW           42    STACK               startup_stm32f10x_md.o


==============================================================================

Image component sizes


      Code (inc. data)   RO Data    RW Data    ZI Data      Debug   Object Name

       808        212          0          9          0       4101   bsp_key.o
       604         60          0          1          0       1961   bsp_led.o
         2          0          0          0          0        424   bsp_motor.o
      1396        126       5688          0          0       5089   bsp_oled.o
       256          8          0          0          0       2610   bsp_usart.o
       740        154          0          8          0       3465   codingswitch_scan.o
         0          0          0          0          0       4540   core_cm3.o
       236         16          0          4          0       1251   delay.o
       616         32          0         32      17408       6798   heap_4.o
       148          0          0          0          0      11514   list.o
       856        436          0         48          0       2248   main.o
       220         22          0          0          0       3485   misc.o
       390         30          0          4          0       7024   port.o
      2246         12          0          0          0      23211   queue.o
        36          8        236          0       1024        796   startup_stm32f10x_md.o
       200         12          0          0          0       1029   stm32_system_init.o
         0          0          0          0          0       8744   stm32f10x_adc.o
       860         38          0          0          0      14093   stm32f10x_gpio.o
      1028         16          0          0          0      17179   stm32f10x_i2c.o
        28          0          0          0          0       1316   stm32f10x_it.o
       932         36          0         20          0       8904   stm32f10x_rcc.o
      1032         22          0          0          0      14504   stm32f10x_usart.o
       480         38          0         20          0     204879   system_stm32f10x.o
      4164        262          0         60        200      28352   tasks.o
      1226         56          0         20         40      13364   timers.o

    ----------------------------------------------------------------------
     18512       1596       5956        228      18672     390881   Object Totals
         0          0         32          0          0          0   (incl. Generated)
         8          0          0          2          0          0   (incl. Padding)

    ----------------------------------------------------------------------

      Code (inc. data)   RO Data    RW Data    ZI Data      Debug   Library Member Name

         0          0          0          0          0          0   entry.o
         0          0          0          0          0          0   entry10a.o
         0          0          0          0          0          0   entry11a.o
         8          4          0          0          0          0   entry2.o
         4          0          0          0          0          0   entry5.o
         0          0          0          0          0          0   entry7b.o
         0          0          0          0          0          0   entry8b.o
         8          4          0          0          0          0   entry9a.o
        30          0          0          0          0          0   handlers.o
        36          8          0          0          0         68   init.o
        30          0          0          0          0         68   llshl.o
        32          0          0          0          0         68   llushr.o
        36          0          0          0          0         68   memcpya.o
       736         56          0          0          0        184   printf5.o
         0          0          0          4          0          0   stdout.o
        98          0          0          0          0         92   uldiv.o

    ----------------------------------------------------------------------
      1024         72          0          4          0        548   Library Totals
         6          0          0          0          0          0   (incl. Padding)

    ----------------------------------------------------------------------

      Code (inc. data)   RO Data    RW Data    ZI Data      Debug   Library Name

      1018         72          0          4          0        548   mc_w.l

    ----------------------------------------------------------------------
      1024         72          0          4          0        548   Library Totals

    ----------------------------------------------------------------------

==============================================================================


      Code (inc. data)   RO Data    RW Data    ZI Data      Debug   

     19536       1668       5956        232      18672     389189   Grand Totals
     19536       1668       5956        232      18672     389189   ELF Image Totals
     19536       1668       5956        232          0          0   ROM Totals

==============================================================================

    Total RO  Size (Code + RO Data)                25492 (  24.89kB)
    Total RW  Size (RW Data + ZI Data)             18904 (  18.46kB)
    Total ROM Size (Code + RO Data + RW Data)      25724 (  25.12kB)

==============================================================================

