<html>
<body>
<pre>
<h1>礦ision Build Log</h1>
<h2>Tool Versions:</h2>
IDE-Version: μVision V5.27.1.0
Copyright (C) 2019 ARM Ltd and ARM Germany GmbH. All rights reserved.
License Information: Chris AutoBVT, Microsoft, LIC=JDAJJ-UAHWA-NQP0G-VWQEZ-4GU9N-GG7A8
 
Tool Versions:
Toolchain:       MDK-ARM Professional  Version: 5.23
Toolchain Path:  C:\Keil_v5\ARM\ARMCC\Bin
C Compiler:      Armcc.exe V5.06 update 4 (build 422)
Assembler:       Armasm.exe V5.06 update 4 (build 422)
Linker/Locator:  ArmLink.exe V5.06 update 4 (build 422)
Library Manager: ArmAr.exe V5.06 update 4 (build 422)
Hex Converter:   FromElf.exe V5.06 update 4 (build 422)
CPU DLL:         SARMCM3.DLL V5.23
Dialog DLL:      DARMSTM.DLL V1.68.0.0
Target DLL:      STLink\ST-LINKIII-KEIL_SWO.dll V2.0.18.0
Dialog DLL:      TARMSTM.DLL V1.66.0.0
 
<h2>Project:</h2>
I:\youo project\Y-912\EB0\Software\Y-912 V0.1 20230419\Project\STM32F10x_RTOS.uvproj
Project File Date:  04/20/2023

<h2>Output:</h2>
*** Using Compiler 'V5.06 update 4 (build 422)', folder: 'C:\Keil_v5\ARM\ARMCC\Bin'
Rebuild target 'Target 1'
assembling startup_stm32f10x_md.s...
compiling core_cm3.c...
compiling misc.c...
compiling system_stm32f10x.c...
compiling stm32f10x_adc.c...
compiling stm32f10x_bkp.c...
compiling stm32f10x_can.c...
compiling stm32f10x_crc.c...
compiling stm32f10x_cec.c...
compiling stm32f10x_dac.c...
compiling stm32f10x_dbgmcu.c...
compiling stm32f10x_dma.c...
compiling stm32f10x_exti.c...
compiling stm32f10x_fsmc.c...
compiling stm32f10x_gpio.c...
compiling stm32f10x_flash.c...
compiling stm32f10x_iwdg.c...
compiling stm32f10x_i2c.c...
compiling stm32f10x_rtc.c...
compiling stm32f10x_pwr.c...
compiling stm32f10x_rcc.c...
compiling stm32f10x_sdio.c...
compiling stm32f10x_spi.c...
compiling list.c...
compiling stm32f10x_usart.c...
compiling stm32f10x_wwdg.c...
compiling queue.c...
compiling stm32f10x_tim.c...
compiling heap_4.c...
compiling event_groups.c...
compiling port.c...
compiling tasks.c...
compiling timers.c...
compiling bsp_usart.c...
compiling bsp_motor.c...
compiling CodingsWitch_scan.c...
compiling bsp_key.c...
compiling bsp_led.c...
compiling delay.c...
compiling Stm32_System_Init.c...
..\User\Stm32_System_Init.c(144): warning:  #9-D: nested comment is not allowed
   		 RCC_APB1PeriphClockCmd(RCC_APB1Periph_TIM2 , DISABLE);		/*???????*/    
..\User\Stm32_System_Init.c: 1 warning, 0 errors
compiling stm32f10x_it.c...
compiling main.c...
..\User\main.c(55): warning:  #9-D: nested comment is not allowed
  /*****************************************************************
..\User\main.c(69): warning:  #9-D: nested comment is not allowed
  /*****************************************************************
..\User\main.c(110): warning:  #177-D: variable "xReturn"  was declared but never referenced
       BaseType_t xReturn = pdTRUE;/* 定义一个创建信息返回值，默认为pdTRUE */
..\User\main.c(111): warning:  #177-D: variable "r_queue"  was declared but never referenced
       uint32_t r_queue;	/* 定义一个接收消息的变量 */
..\User\main.c(145): warning:  #223-D: function "System_Led_CloseAC" declared implicitly
  	System_Led_CloseAC( );
..\User\main.c(167): warning:  #111-D: statement is unreachable
  	return 0;
..\User\main.c: 6 warnings, 0 errors
compiling bsp_oled.c...
linking...
Program Size: Code=19536 RO-data=5956 RW-data=232 ZI-data=18672  
".\Objects\STM32F10x_RTOS.axf" - 0 Error(s), 7 Warning(s).
Build Time Elapsed:  00:00:02
</pre>
</body>
</html>
